122. Printing statistics.

=== tt_um_r2r_dac_digital ===

        +----------Local Count, excluding submodules.
        |        +-Local Area, excluding submodules.
        |        | 
      423        - wires
      528        - wire bits
       14        - public wires
       84        - public wire bits
        9        - ports
       51        - port bits
      469 2.55E+03 cells
       30        -   $_ANDNOT_
       87        -   $_AND_
       74        -   $_MUX_
      160        -   $_NAND_
       14        -   $_NOR_
        3        -   $_NOT_
       18        -   $_ORNOT_
       25        -   $_OR_
        3        -   $_XNOR_
       14        -   $_XOR_
       40 2.55E+03   gf180mcu_fd_sc_mcu7t5v0__dffq_1
        1        -   r2r_dac_analog

   Area for cell type $_ANDNOT_ is unknown!
   Area for cell type $_AND_ is unknown!
   Area for cell type $_MUX_ is unknown!
   Area for cell type $_NAND_ is unknown!
   Area for cell type $_NOR_ is unknown!
   Area for cell type $_NOT_ is unknown!
   Area for cell type $_ORNOT_ is unknown!
   Area for cell type $_OR_ is unknown!
   Area for cell type $_XNOR_ is unknown!
   Area for cell type $_XOR_ is unknown!
   Area for cell type \r2r_dac_analog is unknown!

   Chip area for module '\tt_um_r2r_dac_digital': 2546.432000
     of which used for sequential elements: 2546.432000 (100.00%)

