120. Printing statistics.

=== tt_um_r2r_dac_digital ===

        +----------Local Count, excluding submodules.
        | 
      374 wires
      479 wire bits
       14 public wires
       84 public wire bits
        9 ports
       51 port bits
      420 cells
       30   $_ANDNOT_
       87   $_AND_
        7   $_DFF_P_
       25   $_MUX_
      160   $_NAND_
       14   $_NOR_
        3   $_NOT_
       18   $_ORNOT_
       25   $_OR_
       16   $_SDFFE_PN0P_
       16   $_SDFF_PN0_
        1   $_SDFF_PN1_
        3   $_XNOR_
       14   $_XOR_
        1   r2r_dac_analog

   Area for cell type $_ANDNOT_ is unknown!
   Area for cell type $_AND_ is unknown!
   Area for cell type $_DFF_P_ is unknown!
   Area for cell type $_MUX_ is unknown!
   Area for cell type $_NAND_ is unknown!
   Area for cell type $_NOR_ is unknown!
   Area for cell type $_NOT_ is unknown!
   Area for cell type $_ORNOT_ is unknown!
   Area for cell type $_OR_ is unknown!
   Area for cell type $_SDFFE_PN0P_ is unknown!
   Area for cell type $_SDFF_PN0_ is unknown!
   Area for cell type $_SDFF_PN1_ is unknown!
   Area for cell type $_XNOR_ is unknown!
   Area for cell type $_XOR_ is unknown!
   Area for cell type \r2r_dac_analog is unknown!

