130. Printing statistics.

=== tt_um_r2r_dac_digital ===

        +----------Local Count, excluding submodules.
        |        +-Local Area, excluding submodules.
        |        | 
      350        - wires
      392        - wire bits
       41        - public wires
       83        - public wire bits
        9        - ports
       51        - port bits
      366 7.83E+03 cells
        4   70.246   gf180mcu_fd_sc_mcu7t5v0__and2_1
        4   96.589   gf180mcu_fd_sc_mcu7t5v0__and4_1
       14  307.328   gf180mcu_fd_sc_mcu7t5v0__aoi211_1
       50   878.08   gf180mcu_fd_sc_mcu7t5v0__aoi21_1
        4   96.589   gf180mcu_fd_sc_mcu7t5v0__aoi221_1
       23  454.406   gf180mcu_fd_sc_mcu7t5v0__aoi22_1
       25   219.52   gf180mcu_fd_sc_mcu7t5v0__clkinv_1
       40 2.55E+03   gf180mcu_fd_sc_mcu7t5v0__dffq_1
        1   32.928   gf180mcu_fd_sc_mcu7t5v0__mux2_2
       49  537.824   gf180mcu_fd_sc_mcu7t5v0__nand2_1
       17  261.229   gf180mcu_fd_sc_mcu7t5v0__nand3_1
        6  118.541   gf180mcu_fd_sc_mcu7t5v0__nand4_1
       31  408.307   gf180mcu_fd_sc_mcu7t5v0__nor2_1
        7  122.931   gf180mcu_fd_sc_mcu7t5v0__nor3_1
        5   109.76   gf180mcu_fd_sc_mcu7t5v0__nor4_1
       11  241.472   gf180mcu_fd_sc_mcu7t5v0__oai211_1
       30  526.848   gf180mcu_fd_sc_mcu7t5v0__oai21_1
        2   52.685   gf180mcu_fd_sc_mcu7t5v0__oai221_1
        2   43.904   gf180mcu_fd_sc_mcu7t5v0__oai22_1
       11  265.619   gf180mcu_fd_sc_mcu7t5v0__oai31_1
        4   105.37   gf180mcu_fd_sc_mcu7t5v0__oai32_1
        5   87.808   gf180mcu_fd_sc_mcu7t5v0__or2_1
       16  140.493   gf180mcu_fd_sc_mcu7t5v0__tiel
        4   105.37   gf180mcu_fd_sc_mcu7t5v0__xor2_1
        1        -   r2r_dac_analog

   Area for cell type \r2r_dac_analog is unknown!

   Chip area for module '\tt_um_r2r_dac_digital': 7830.278400
     of which used for sequential elements: 2546.432000 (32.52%)

