
===========================================================================
report_checks -unconstrained
===========================================================================
======================= nom_ss_125C_3v00 Corner ===================================

Startpoint: _650_ (rising edge-triggered flip-flop clocked by clk)
Endpoint: _619_ (rising edge-triggered flip-flop clocked by clk)
Path Group: clk
Path Type: max

Fanout         Cap        Slew       Delay        Time   Description
---------------------------------------------------------------------------------------------
                      0.150000    0.000000    0.000000   clock clk (rise edge)
                                  0.000000    0.000000   clock network delay (ideal)
                      0.150000    0.000000    0.000000 ^ _650_/CLK (gf180mcu_fd_sc_mcu7t5v0__dffq_1)
     6    0.025819    1.281715    2.816883    2.816883 ^ _650_/Q (gf180mcu_fd_sc_mcu7t5v0__dffq_1)
                                                         u_r2r_dac_digital.presc[0] (net)
                      1.281715    0.000000    2.816883 ^ _325_/A2 (gf180mcu_fd_sc_mcu7t5v0__and4_1)
     7    0.029368    1.583845    2.385159    5.202043 ^ _325_/Z (gf180mcu_fd_sc_mcu7t5v0__and4_1)
                                                         _041_ (net)
                      1.583845    0.000000    5.202043 ^ _327_/A4 (gf180mcu_fd_sc_mcu7t5v0__and4_1)
     1    0.004707    0.565270    1.592268    6.794311 ^ _327_/Z (gf180mcu_fd_sc_mcu7t5v0__and4_1)
                                                         _043_ (net)
                      0.565270    0.000000    6.794311 ^ _329_/A2 (gf180mcu_fd_sc_mcu7t5v0__aoi21_1)
    12    0.061164    2.468233    1.691277    8.485587 v _329_/ZN (gf180mcu_fd_sc_mcu7t5v0__aoi21_1)
                                                         _045_ (net)
                      2.468233    0.000000    8.485587 v _358_/A1 (gf180mcu_fd_sc_mcu7t5v0__oai21_1)
     2    0.007039    1.302294    1.414771    9.900359 ^ _358_/ZN (gf180mcu_fd_sc_mcu7t5v0__oai21_1)
                                                         _070_ (net)
                      1.302294    0.000000    9.900359 ^ _359_/A3 (gf180mcu_fd_sc_mcu7t5v0__nand3_1)
    23    0.106438    5.990433    3.908644   13.809003 v _359_/ZN (gf180mcu_fd_sc_mcu7t5v0__nand3_1)
                                                         _071_ (net)
                      5.990433    0.000000   13.809003 v _360_/I (gf180mcu_fd_sc_mcu7t5v0__clkinv_1)
    23    0.097642    4.786871    4.838465   18.647469 ^ _360_/ZN (gf180mcu_fd_sc_mcu7t5v0__clkinv_1)
                                                         _029_ (net)
                      4.786871    0.000000   18.647469 ^ _437_/B (gf180mcu_fd_sc_mcu7t5v0__aoi21_1)
     2    0.008195    1.551892    1.107624   19.755093 v _437_/ZN (gf180mcu_fd_sc_mcu7t5v0__aoi21_1)
                                                         _144_ (net)
                      1.551892    0.000000   19.755093 v _441_/B (gf180mcu_fd_sc_mcu7t5v0__aoi211_1)
     1    0.003975    1.782840    1.531943   21.287035 ^ _441_/ZN (gf180mcu_fd_sc_mcu7t5v0__aoi211_1)
                                                         _148_ (net)
                      1.782840    0.000000   21.287035 ^ _445_/B (gf180mcu_fd_sc_mcu7t5v0__aoi211_1)
     1    0.004496    1.079036    0.809465   22.096500 v _445_/ZN (gf180mcu_fd_sc_mcu7t5v0__aoi211_1)
                                                         _152_ (net)
                      1.079036    0.000000   22.096500 v _457_/A2 (gf180mcu_fd_sc_mcu7t5v0__oai32_1)
     2    0.009186    2.858640    2.210827   24.307327 ^ _457_/ZN (gf180mcu_fd_sc_mcu7t5v0__oai32_1)
                                                         _164_ (net)
                      2.858640    0.000000   24.307327 ^ _467_/A1 (gf180mcu_fd_sc_mcu7t5v0__oai21_1)
     1    0.004612    0.810083    0.507896   24.815222 v _467_/ZN (gf180mcu_fd_sc_mcu7t5v0__oai21_1)
                                                         _174_ (net)
                      0.810083    0.000000   24.815222 v _470_/B (gf180mcu_fd_sc_mcu7t5v0__oai31_1)
     1    0.002342    1.432189    0.771802   25.587025 ^ _470_/ZN (gf180mcu_fd_sc_mcu7t5v0__oai31_1)
                                                         _001_ (net)
                      1.432189    0.000000   25.587025 ^ _619_/D (gf180mcu_fd_sc_mcu7t5v0__dffq_1)
                                             25.587025   data arrival time

                      0.150000   20.000000   20.000000   clock clk (rise edge)
                                  0.000000   20.000000   clock network delay (ideal)
                                 -0.250000   19.750002   clock uncertainty
                                  0.000000   19.750002   clock reconvergence pessimism
                                             19.750002 ^ _619_/CLK (gf180mcu_fd_sc_mcu7t5v0__dffq_1)
                                 -0.989690   18.760311   library setup time
                                             18.760311   data required time
---------------------------------------------------------------------------------------------
                                             18.760311   data required time
                                            -25.587025   data arrival time
---------------------------------------------------------------------------------------------
                                             -6.826714   slack (VIOLATED)




===========================================================================
report_checks --slack_max -0.01
============================================================================
======================= nom_ss_125C_3v00 Corner ===================================

Startpoint: _650_ (rising edge-triggered flip-flop clocked by clk)
Endpoint: _619_ (rising edge-triggered flip-flop clocked by clk)
Path Group: clk
Path Type: max

Fanout         Cap        Slew       Delay        Time   Description
---------------------------------------------------------------------------------------------
                      0.150000    0.000000    0.000000   clock clk (rise edge)
                                  0.000000    0.000000   clock network delay (ideal)
                      0.150000    0.000000    0.000000 ^ _650_/CLK (gf180mcu_fd_sc_mcu7t5v0__dffq_1)
     6    0.025819    1.281715    2.816883    2.816883 ^ _650_/Q (gf180mcu_fd_sc_mcu7t5v0__dffq_1)
                                                         u_r2r_dac_digital.presc[0] (net)
                      1.281715    0.000000    2.816883 ^ _325_/A2 (gf180mcu_fd_sc_mcu7t5v0__and4_1)
     7    0.029368    1.583845    2.385159    5.202043 ^ _325_/Z (gf180mcu_fd_sc_mcu7t5v0__and4_1)
                                                         _041_ (net)
                      1.583845    0.000000    5.202043 ^ _327_/A4 (gf180mcu_fd_sc_mcu7t5v0__and4_1)
     1    0.004707    0.565270    1.592268    6.794311 ^ _327_/Z (gf180mcu_fd_sc_mcu7t5v0__and4_1)
                                                         _043_ (net)
                      0.565270    0.000000    6.794311 ^ _329_/A2 (gf180mcu_fd_sc_mcu7t5v0__aoi21_1)
    12    0.061164    2.468233    1.691277    8.485587 v _329_/ZN (gf180mcu_fd_sc_mcu7t5v0__aoi21_1)
                                                         _045_ (net)
                      2.468233    0.000000    8.485587 v _358_/A1 (gf180mcu_fd_sc_mcu7t5v0__oai21_1)
     2    0.007039    1.302294    1.414771    9.900359 ^ _358_/ZN (gf180mcu_fd_sc_mcu7t5v0__oai21_1)
                                                         _070_ (net)
                      1.302294    0.000000    9.900359 ^ _359_/A3 (gf180mcu_fd_sc_mcu7t5v0__nand3_1)
    23    0.106438    5.990433    3.908644   13.809003 v _359_/ZN (gf180mcu_fd_sc_mcu7t5v0__nand3_1)
                                                         _071_ (net)
                      5.990433    0.000000   13.809003 v _360_/I (gf180mcu_fd_sc_mcu7t5v0__clkinv_1)
    23    0.097642    4.786871    4.838465   18.647469 ^ _360_/ZN (gf180mcu_fd_sc_mcu7t5v0__clkinv_1)
                                                         _029_ (net)
                      4.786871    0.000000   18.647469 ^ _437_/B (gf180mcu_fd_sc_mcu7t5v0__aoi21_1)
     2    0.008195    1.551892    1.107624   19.755093 v _437_/ZN (gf180mcu_fd_sc_mcu7t5v0__aoi21_1)
                                                         _144_ (net)
                      1.551892    0.000000   19.755093 v _441_/B (gf180mcu_fd_sc_mcu7t5v0__aoi211_1)
     1    0.003975    1.782840    1.531943   21.287035 ^ _441_/ZN (gf180mcu_fd_sc_mcu7t5v0__aoi211_1)
                                                         _148_ (net)
                      1.782840    0.000000   21.287035 ^ _445_/B (gf180mcu_fd_sc_mcu7t5v0__aoi211_1)
     1    0.004496    1.079036    0.809465   22.096500 v _445_/ZN (gf180mcu_fd_sc_mcu7t5v0__aoi211_1)
                                                         _152_ (net)
                      1.079036    0.000000   22.096500 v _457_/A2 (gf180mcu_fd_sc_mcu7t5v0__oai32_1)
     2    0.009186    2.858640    2.210827   24.307327 ^ _457_/ZN (gf180mcu_fd_sc_mcu7t5v0__oai32_1)
                                                         _164_ (net)
                      2.858640    0.000000   24.307327 ^ _467_/A1 (gf180mcu_fd_sc_mcu7t5v0__oai21_1)
     1    0.004612    0.810083    0.507896   24.815222 v _467_/ZN (gf180mcu_fd_sc_mcu7t5v0__oai21_1)
                                                         _174_ (net)
                      0.810083    0.000000   24.815222 v _470_/B (gf180mcu_fd_sc_mcu7t5v0__oai31_1)
     1    0.002342    1.432189    0.771802   25.587025 ^ _470_/ZN (gf180mcu_fd_sc_mcu7t5v0__oai31_1)
                                                         _001_ (net)
                      1.432189    0.000000   25.587025 ^ _619_/D (gf180mcu_fd_sc_mcu7t5v0__dffq_1)
                                             25.587025   data arrival time

                      0.150000   20.000000   20.000000   clock clk (rise edge)
                                  0.000000   20.000000   clock network delay (ideal)
                                 -0.250000   19.750002   clock uncertainty
                                  0.000000   19.750002   clock reconvergence pessimism
                                             19.750002 ^ _619_/CLK (gf180mcu_fd_sc_mcu7t5v0__dffq_1)
                                 -0.989690   18.760311   library setup time
                                             18.760311   data required time
---------------------------------------------------------------------------------------------
                                             18.760311   data required time
                                            -25.587025   data arrival time
---------------------------------------------------------------------------------------------
                                             -6.826714   slack (VIOLATED)




===========================================================================
 report_check_types -max_slew -max_cap -max_fanout -violators
============================================================================
======================= nom_ss_125C_3v00 Corner ===================================

max slew

Pin                                        Limit        Slew       Slack
------------------------------------------------------------------------
_378_/ZN                                3.000000    7.215561   -4.215561 (VIOLATED)
_402_/A2                                3.000000    7.215561   -4.215561 (VIOLATED)
_422_/A1                                3.000000    7.215561   -4.215561 (VIOLATED)
_436_/A1                                3.000000    7.215561   -4.215561 (VIOLATED)
_437_/A1                                3.000000    7.215561   -4.215561 (VIOLATED)
_439_/A2                                3.000000    7.215561   -4.215561 (VIOLATED)
_447_/A1                                3.000000    7.215561   -4.215561 (VIOLATED)
_458_/A1                                3.000000    7.215561   -4.215561 (VIOLATED)
_490_/A2                                3.000000    7.215561   -4.215561 (VIOLATED)
_554_/ZN                                3.000000    6.669615   -3.669615 (VIOLATED)
_556_/A2                                3.000000    6.669615   -3.669615 (VIOLATED)
_558_/B1                                3.000000    6.669615   -3.669615 (VIOLATED)
_560_/A2                                3.000000    6.669615   -3.669615 (VIOLATED)
_562_/B1                                3.000000    6.669615   -3.669615 (VIOLATED)
_565_/A2                                3.000000    6.669615   -3.669615 (VIOLATED)
_566_/B1                                3.000000    6.669615   -3.669615 (VIOLATED)
_568_/A2                                3.000000    6.669615   -3.669615 (VIOLATED)
_570_/B1                                3.000000    6.669615   -3.669615 (VIOLATED)
_572_/A2                                3.000000    6.669615   -3.669615 (VIOLATED)
_574_/B1                                3.000000    6.669615   -3.669615 (VIOLATED)
_576_/A2                                3.000000    6.669615   -3.669615 (VIOLATED)
_578_/B1                                3.000000    6.669615   -3.669615 (VIOLATED)
_580_/A2                                3.000000    6.669615   -3.669615 (VIOLATED)
_582_/B1                                3.000000    6.669615   -3.669615 (VIOLATED)
_584_/A2                                3.000000    6.669615   -3.669615 (VIOLATED)
_586_/B1                                3.000000    6.669615   -3.669615 (VIOLATED)
_359_/ZN                                3.000000    6.279746   -3.279746 (VIOLATED)
_360_/I                                 3.000000    6.279746   -3.279746 (VIOLATED)
_381_/A2                                3.000000    6.279746   -3.279746 (VIOLATED)
_392_/A1                                3.000000    6.279746   -3.279746 (VIOLATED)
_395_/A1                                3.000000    6.279746   -3.279746 (VIOLATED)
_401_/A1                                3.000000    6.279746   -3.279746 (VIOLATED)
_402_/A1                                3.000000    6.279746   -3.279746 (VIOLATED)
_408_/A1                                3.000000    6.279746   -3.279746 (VIOLATED)
_422_/B                                 3.000000    6.279746   -3.279746 (VIOLATED)
_425_/A2                                3.000000    6.279746   -3.279746 (VIOLATED)
_438_/B                                 3.000000    6.279746   -3.279746 (VIOLATED)
_446_/B                                 3.000000    6.279746   -3.279746 (VIOLATED)
_450_/A1                                3.000000    6.279746   -3.279746 (VIOLATED)
_454_/A1                                3.000000    6.279746   -3.279746 (VIOLATED)
_460_/A1                                3.000000    6.279746   -3.279746 (VIOLATED)
_462_/A1                                3.000000    6.279746   -3.279746 (VIOLATED)
_464_/C                                 3.000000    6.279746   -3.279746 (VIOLATED)
_488_/A1                                3.000000    6.279746   -3.279746 (VIOLATED)
_491_/A1                                3.000000    6.279746   -3.279746 (VIOLATED)
_494_/B                                 3.000000    6.279746   -3.279746 (VIOLATED)
_495_/A1                                3.000000    6.279746   -3.279746 (VIOLATED)
_506_/B                                 3.000000    6.279746   -3.279746 (VIOLATED)
_507_/A1                                3.000000    6.279746   -3.279746 (VIOLATED)
_521_/A1                                3.000000    6.279746   -3.279746 (VIOLATED)
_329_/ZN                                3.000000    5.864199   -2.864199 (VIOLATED)
_333_/A1                                3.000000    5.864199   -2.864199 (VIOLATED)
_336_/A1                                3.000000    5.864199   -2.864199 (VIOLATED)
_339_/A3                                3.000000    5.864199   -2.864199 (VIOLATED)
_355_/A2                                3.000000    5.864199   -2.864199 (VIOLATED)
_358_/A1                                3.000000    5.864199   -2.864199 (VIOLATED)
_364_/A2                                3.000000    5.864199   -2.864199 (VIOLATED)
_366_/A1                                3.000000    5.864199   -2.864199 (VIOLATED)
_368_/A2                                3.000000    5.864199   -2.864199 (VIOLATED)
_369_/A2                                3.000000    5.864199   -2.864199 (VIOLATED)
_370_/A2                                3.000000    5.864199   -2.864199 (VIOLATED)
_383_/A1                                3.000000    5.864199   -2.864199 (VIOLATED)
_385_/A1                                3.000000    5.864199   -2.864199 (VIOLATED)
_403_/ZN                                3.000000    5.311047   -2.311047 (VIOLATED)
_405_/A2                                3.000000    5.311047   -2.311047 (VIOLATED)
_411_/A2                                3.000000    5.311047   -2.311047 (VIOLATED)
_443_/A4                                3.000000    5.311047   -2.311047 (VIOLATED)
_454_/C                                 3.000000    5.311047   -2.311047 (VIOLATED)
_471_/A2                                3.000000    5.311047   -2.311047 (VIOLATED)
_474_/A3                                3.000000    5.311047   -2.311047 (VIOLATED)
_356_/ZN                                3.000000    4.846762   -1.846762 (VIOLATED)
_357_/I                                 3.000000    4.846762   -1.846762 (VIOLATED)
_405_/A1                                3.000000    4.846762   -1.846762 (VIOLATED)
_409_/B                                 3.000000    4.846762   -1.846762 (VIOLATED)
_416_/A2                                3.000000    4.846762   -1.846762 (VIOLATED)
_424_/A1                                3.000000    4.846762   -1.846762 (VIOLATED)
_425_/A1                                3.000000    4.846762   -1.846762 (VIOLATED)
_452_/A1                                3.000000    4.846762   -1.846762 (VIOLATED)
_456_/A1                                3.000000    4.846762   -1.846762 (VIOLATED)
_465_/C                                 3.000000    4.846762   -1.846762 (VIOLATED)
_468_/C                                 3.000000    4.846762   -1.846762 (VIOLATED)
_471_/B                                 3.000000    4.846762   -1.846762 (VIOLATED)
_482_/A1                                3.000000    4.846762   -1.846762 (VIOLATED)
_488_/C                                 3.000000    4.846762   -1.846762 (VIOLATED)
_492_/A1                                3.000000    4.846762   -1.846762 (VIOLATED)
_501_/A1                                3.000000    4.846762   -1.846762 (VIOLATED)
_522_/A2                                3.000000    4.846762   -1.846762 (VIOLATED)
_524_/A1                                3.000000    4.846762   -1.846762 (VIOLATED)
_534_/A1                                3.000000    4.846762   -1.846762 (VIOLATED)
_360_/ZN                                3.000000    4.786871   -1.786872 (VIOLATED)
_389_/A1                                3.000000    4.786871   -1.786872 (VIOLATED)
_393_/A1                                3.000000    4.786871   -1.786872 (VIOLATED)
_397_/A1                                3.000000    4.786871   -1.786872 (VIOLATED)
_409_/A1                                3.000000    4.786871   -1.786872 (VIOLATED)
_412_/A1                                3.000000    4.786871   -1.786872 (VIOLATED)
_413_/B                                 3.000000    4.786871   -1.786872 (VIOLATED)
_414_/C                                 3.000000    4.786871   -1.786872 (VIOLATED)
_423_/B                                 3.000000    4.786871   -1.786872 (VIOLATED)
_437_/B                                 3.000000    4.786871   -1.786872 (VIOLATED)
_442_/A1                                3.000000    4.786871   -1.786872 (VIOLATED)
_443_/A1                                3.000000    4.786871   -1.786872 (VIOLATED)
_458_/B                                 3.000000    4.786871   -1.786872 (VIOLATED)
_459_/A1                                3.000000    4.786871   -1.786872 (VIOLATED)
_461_/A1                                3.000000    4.786871   -1.786872 (VIOLATED)
_468_/A1                                3.000000    4.786871   -1.786872 (VIOLATED)
_474_/B                                 3.000000    4.786871   -1.786872 (VIOLATED)
_487_/A1                                3.000000    4.786871   -1.786872 (VIOLATED)
_501_/A2                                3.000000    4.786871   -1.786872 (VIOLATED)
_516_/C                                 3.000000    4.786871   -1.786872 (VIOLATED)
_517_/A1                                3.000000    4.786871   -1.786872 (VIOLATED)
_524_/A2                                3.000000    4.786871   -1.786872 (VIOLATED)
_532_/A1                                3.000000    4.786871   -1.786872 (VIOLATED)
_645_/D                                 3.000000    4.786871   -1.786872 (VIOLATED)
_323_/ZN                                3.000000    4.658338   -1.658338 (VIOLATED)
_365_/B                                 3.000000    4.658338   -1.658338 (VIOLATED)
_368_/B                                 3.000000    4.658338   -1.658338 (VIOLATED)
_373_/A1                                3.000000    4.658338   -1.658338 (VIOLATED)
_377_/B2                                3.000000    4.658338   -1.658338 (VIOLATED)
_378_/A1                                3.000000    4.658338   -1.658338 (VIOLATED)
_384_/B                                 3.000000    4.658338   -1.658338 (VIOLATED)
_399_/C                                 3.000000    4.658338   -1.658338 (VIOLATED)
_403_/A1                                3.000000    4.658338   -1.658338 (VIOLATED)
_559_/B                                 3.000000    4.658338   -1.658338 (VIOLATED)
_563_/B                                 3.000000    4.658338   -1.658338 (VIOLATED)
_567_/B                                 3.000000    4.658338   -1.658338 (VIOLATED)
_571_/B                                 3.000000    4.658338   -1.658338 (VIOLATED)
_575_/B                                 3.000000    4.658338   -1.658338 (VIOLATED)
_579_/B                                 3.000000    4.658338   -1.658338 (VIOLATED)
_583_/B                                 3.000000    4.658338   -1.658338 (VIOLATED)
_587_/B                                 3.000000    4.658338   -1.658338 (VIOLATED)
_589_/B                                 3.000000    4.658338   -1.658338 (VIOLATED)
_591_/B                                 3.000000    4.658338   -1.658338 (VIOLATED)
_593_/B                                 3.000000    4.658338   -1.658338 (VIOLATED)
_595_/B                                 3.000000    4.658338   -1.658338 (VIOLATED)
_597_/B                                 3.000000    4.658338   -1.658338 (VIOLATED)
_599_/B                                 3.000000    4.658338   -1.658338 (VIOLATED)
_601_/B                                 3.000000    4.658338   -1.658338 (VIOLATED)
_603_/B                                 3.000000    4.658338   -1.658338 (VIOLATED)
_604_/A2                                3.000000    4.658338   -1.658338 (VIOLATED)
_611_/A1                                3.000000    4.658338   -1.658338 (VIOLATED)
_357_/ZN                                3.000000    4.535607   -1.535608 (VIOLATED)
_381_/A1                                3.000000    4.535607   -1.535608 (VIOLATED)
_389_/B                                 3.000000    4.535607   -1.535608 (VIOLATED)
_398_/B                                 3.000000    4.535607   -1.535608 (VIOLATED)
_441_/C                                 3.000000    4.535607   -1.535608 (VIOLATED)
_451_/B                                 3.000000    4.535607   -1.535608 (VIOLATED)
_463_/A1                                3.000000    4.535607   -1.535608 (VIOLATED)
_472_/A1                                3.000000    4.535607   -1.535608 (VIOLATED)
_478_/B                                 3.000000    4.535607   -1.535608 (VIOLATED)
_479_/A1                                3.000000    4.535607   -1.535608 (VIOLATED)
_496_/B2                                3.000000    4.535607   -1.535608 (VIOLATED)
_500_/C                                 3.000000    4.535607   -1.535608 (VIOLATED)
_504_/B                                 3.000000    4.535607   -1.535608 (VIOLATED)
_505_/C                                 3.000000    4.535607   -1.535608 (VIOLATED)
_508_/A1                                3.000000    4.535607   -1.535608 (VIOLATED)
_514_/A1                                3.000000    4.535607   -1.535608 (VIOLATED)
_515_/A1                                3.000000    4.535607   -1.535608 (VIOLATED)
_518_/B2                                3.000000    4.535607   -1.535608 (VIOLATED)
_519_/A1                                3.000000    4.535607   -1.535608 (VIOLATED)
_523_/A2                                3.000000    4.535607   -1.535608 (VIOLATED)
_526_/A1                                3.000000    4.535607   -1.535608 (VIOLATED)
_532_/C                                 3.000000    4.535607   -1.535608 (VIOLATED)
_538_/A1                                3.000000    4.535607   -1.535608 (VIOLATED)
_646_/D                                 3.000000    4.535607   -1.535608 (VIOLATED)
_377_/ZN                                3.000000    4.326646   -1.326646 (VIOLATED)
_380_/A1                                3.000000    4.326646   -1.326646 (VIOLATED)
_394_/A1                                3.000000    4.326646   -1.326646 (VIOLATED)
_407_/A1                                3.000000    4.326646   -1.326646 (VIOLATED)
_412_/A2                                3.000000    4.326646   -1.326646 (VIOLATED)
_440_/A1                                3.000000    4.326646   -1.326646 (VIOLATED)
_449_/A1                                3.000000    4.326646   -1.326646 (VIOLATED)
_462_/A2                                3.000000    4.326646   -1.326646 (VIOLATED)
_464_/A1                                3.000000    4.326646   -1.326646 (VIOLATED)
_379_/ZN                                3.000000    3.866373   -0.866373 (VIOLATED)
_380_/A2                                3.000000    3.866373   -0.866373 (VIOLATED)
_407_/A2                                3.000000    3.866373   -0.866373 (VIOLATED)
_435_/A1                                3.000000    3.866373   -0.866373 (VIOLATED)
_438_/A1                                3.000000    3.866373   -0.866373 (VIOLATED)
_440_/A2                                3.000000    3.866373   -0.866373 (VIOLATED)
_448_/A1                                3.000000    3.866373   -0.866373 (VIOLATED)
_449_/A2                                3.000000    3.866373   -0.866373 (VIOLATED)
_462_/A3                                3.000000    3.866373   -0.866373 (VIOLATED)
_464_/B                                 3.000000    3.866373   -0.866373 (VIOLATED)
_500_/A1                                3.000000    3.866373   -0.866373 (VIOLATED)
_506_/A1                                3.000000    3.866373   -0.866373 (VIOLATED)
rst_n                                   3.000000    3.858744   -0.858744 (VIOLATED)
_323_/I                                 3.000000    3.858744   -0.858744 (VIOLATED)
_345_/A1                                3.000000    3.858744   -0.858744 (VIOLATED)
_348_/A1                                3.000000    3.858744   -0.858744 (VIOLATED)
_351_/A1                                3.000000    3.858744   -0.858744 (VIOLATED)
_356_/A1                                3.000000    3.858744   -0.858744 (VIOLATED)
_359_/A1                                3.000000    3.858744   -0.858744 (VIOLATED)
_361_/A2                                3.000000    3.858744   -0.858744 (VIOLATED)
_366_/B                                 3.000000    3.858744   -0.858744 (VIOLATED)
_371_/A1                                3.000000    3.858744   -0.858744 (VIOLATED)
_376_/B2                                3.000000    3.858744   -0.858744 (VIOLATED)
_385_/B                                 3.000000    3.858744   -0.858744 (VIOLATED)
_400_/C                                 3.000000    3.858744   -0.858744 (VIOLATED)
_404_/A1                                3.000000    3.858744   -0.858744 (VIOLATED)
_546_/A1                                3.000000    3.858744   -0.858744 (VIOLATED)
_548_/B                                 3.000000    3.858744   -0.858744 (VIOLATED)
_605_/B                                 3.000000    3.858744   -0.858744 (VIOLATED)
_608_/A1                                3.000000    3.858744   -0.858744 (VIOLATED)
_613_/B                                 3.000000    3.858744   -0.858744 (VIOLATED)
_616_/A1                                3.000000    3.858744   -0.858744 (VIOLATED)
_399_/ZN                                3.000000    3.823110   -0.823111 (VIOLATED)
_402_/A3                                3.000000    3.823110   -0.823111 (VIOLATED)
_411_/A1                                3.000000    3.823110   -0.823111 (VIOLATED)
_443_/A3                                3.000000    3.823110   -0.823111 (VIOLATED)
_474_/A2                                3.000000    3.823110   -0.823111 (VIOLATED)
_516_/B                                 3.000000    3.823110   -0.823111 (VIOLATED)
_386_/ZN                                3.000000    3.790873   -0.790873 (VIOLATED)
_387_/I                                 3.000000    3.790873   -0.790873 (VIOLATED)
_388_/A2                                3.000000    3.790873   -0.790873 (VIOLATED)
_407_/B                                 3.000000    3.790873   -0.790873 (VIOLATED)
_413_/A2                                3.000000    3.790873   -0.790873 (VIOLATED)
_414_/A2                                3.000000    3.790873   -0.790873 (VIOLATED)
_421_/A2                                3.000000    3.790873   -0.790873 (VIOLATED)
_422_/A2                                3.000000    3.790873   -0.790873 (VIOLATED)
_435_/A2                                3.000000    3.790873   -0.790873 (VIOLATED)
_438_/A2                                3.000000    3.790873   -0.790873 (VIOLATED)
_439_/A3                                3.000000    3.790873   -0.790873 (VIOLATED)
_448_/A2                                3.000000    3.790873   -0.790873 (VIOLATED)
_449_/A3                                3.000000    3.790873   -0.790873 (VIOLATED)
_464_/A2                                3.000000    3.790873   -0.790873 (VIOLATED)
_494_/A2                                3.000000    3.790873   -0.790873 (VIOLATED)
_500_/A2                                3.000000    3.790873   -0.790873 (VIOLATED)
_506_/A2                                3.000000    3.790873   -0.790873 (VIOLATED)
_551_/ZN                                3.000000    3.697285   -0.697286 (VIOLATED)
_557_/A2                                3.000000    3.697285   -0.697286 (VIOLATED)
_561_/A2                                3.000000    3.697285   -0.697286 (VIOLATED)
_566_/A2                                3.000000    3.697285   -0.697286 (VIOLATED)
_569_/A2                                3.000000    3.697285   -0.697286 (VIOLATED)
_573_/A2                                3.000000    3.697285   -0.697286 (VIOLATED)
_577_/A2                                3.000000    3.697285   -0.697286 (VIOLATED)
_581_/A2                                3.000000    3.697285   -0.697286 (VIOLATED)
_585_/A2                                3.000000    3.697285   -0.697286 (VIOLATED)
_552_/ZN                                3.000000    3.640480   -0.640480 (VIOLATED)
_553_/ZN                                3.000000    3.640480   -0.640480 (VIOLATED)
_557_/B1                                3.000000    3.640480   -0.640480 (VIOLATED)
_558_/A2                                3.000000    3.640480   -0.640480 (VIOLATED)
_561_/B1                                3.000000    3.640480   -0.640480 (VIOLATED)
_562_/A2                                3.000000    3.640480   -0.640480 (VIOLATED)
_564_/A2                                3.000000    3.640480   -0.640480 (VIOLATED)
_564_/B1                                3.000000    3.640480   -0.640480 (VIOLATED)
_569_/B1                                3.000000    3.640480   -0.640480 (VIOLATED)
_570_/A2                                3.000000    3.640480   -0.640480 (VIOLATED)
_573_/B1                                3.000000    3.640480   -0.640480 (VIOLATED)
_574_/A2                                3.000000    3.640480   -0.640480 (VIOLATED)
_577_/B1                                3.000000    3.640480   -0.640480 (VIOLATED)
_578_/A2                                3.000000    3.640480   -0.640480 (VIOLATED)
_581_/B1                                3.000000    3.640480   -0.640480 (VIOLATED)
_582_/A2                                3.000000    3.640480   -0.640480 (VIOLATED)
_585_/B1                                3.000000    3.640480   -0.640480 (VIOLATED)
_586_/A2                                3.000000    3.640480   -0.640480 (VIOLATED)
_330_/ZN                                3.000000    3.587868   -0.587868 (VIOLATED)
_337_/A1                                3.000000    3.587868   -0.587868 (VIOLATED)
_338_/A2                                3.000000    3.587868   -0.587868 (VIOLATED)
_340_/A3                                3.000000    3.587868   -0.587868 (VIOLATED)
_362_/A2                                3.000000    3.587868   -0.587868 (VIOLATED)
_363_/A2                                3.000000    3.587868   -0.587868 (VIOLATED)
_365_/A1                                3.000000    3.587868   -0.587868 (VIOLATED)
_382_/A1                                3.000000    3.587868   -0.587868 (VIOLATED)
_384_/A1                                3.000000    3.587868   -0.587868 (VIOLATED)
uo_out[0]                               3.000000    3.329531   -0.329531 (VIOLATED)
uo_out[1]                               3.000000    3.329531   -0.329531 (VIOLATED)
uo_out[2]                               3.000000    3.329531   -0.329531 (VIOLATED)
uo_out[3]                               3.000000    3.329531   -0.329531 (VIOLATED)
uo_out[4]                               3.000000    3.329531   -0.329531 (VIOLATED)
uo_out[5]                               3.000000    3.329531   -0.329531 (VIOLATED)
uo_out[6]                               3.000000    3.329531   -0.329531 (VIOLATED)
uo_out[7]                               3.000000    3.329531   -0.329531 (VIOLATED)
_626_/Q                                 3.000000    3.329531   -0.329531 (VIOLATED)
_627_/Q                                 3.000000    3.329531   -0.329531 (VIOLATED)
_628_/Q                                 3.000000    3.329531   -0.329531 (VIOLATED)
_629_/Q                                 3.000000    3.329531   -0.329531 (VIOLATED)
_630_/Q                                 3.000000    3.329531   -0.329531 (VIOLATED)
_631_/Q                                 3.000000    3.329531   -0.329531 (VIOLATED)
_632_/Q                                 3.000000    3.329531   -0.329531 (VIOLATED)
_633_/Q                                 3.000000    3.329531   -0.329531 (VIOLATED)
u_analog/dac_code[0]                    3.000000    3.329531   -0.329531 (VIOLATED)
u_analog/dac_code[1]                    3.000000    3.329531   -0.329531 (VIOLATED)
u_analog/dac_code[2]                    3.000000    3.329531   -0.329531 (VIOLATED)
u_analog/dac_code[3]                    3.000000    3.329531   -0.329531 (VIOLATED)
u_analog/dac_code[4]                    3.000000    3.329531   -0.329531 (VIOLATED)
u_analog/dac_code[5]                    3.000000    3.329531   -0.329531 (VIOLATED)
u_analog/dac_code[6]                    3.000000    3.329531   -0.329531 (VIOLATED)
u_analog/dac_code[7]                    3.000000    3.329531   -0.329531 (VIOLATED)
ua[0]                                   3.000000    3.324796   -0.324797 (VIOLATED)
ua[1]                                   3.000000    3.324796   -0.324797 (VIOLATED)
ua[2]                                   3.000000    3.324796   -0.324797 (VIOLATED)
ua[3]                                   3.000000    3.324796   -0.324797 (VIOLATED)
ua[4]                                   3.000000    3.324796   -0.324797 (VIOLATED)
ua[5]                                   3.000000    3.324796   -0.324797 (VIOLATED)
ua[6]                                   3.000000    3.324796   -0.324797 (VIOLATED)
ua[7]                                   3.000000    3.324796   -0.324797 (VIOLATED)
u_analog/vout                           3.000000    3.324796   -0.324797 (VIOLATED)
_373_/ZN                                3.000000    3.241497   -0.241497 (VIOLATED)
_388_/A1                                3.000000    3.241497   -0.241497 (VIOLATED)
_421_/A1                                3.000000    3.241497   -0.241497 (VIOLATED)
_376_/ZN                                3.000000    3.066293   -0.066293 (VIOLATED)
_413_/A1                                3.000000    3.066293   -0.066293 (VIOLATED)
_414_/A1                                3.000000    3.066293   -0.066293 (VIOLATED)
_422_/C                                 3.000000    3.066293   -0.066293 (VIOLATED)
_439_/A1                                3.000000    3.066293   -0.066293 (VIOLATED)
_490_/A1                                3.000000    3.066293   -0.066293 (VIOLATED)
_494_/A1                                3.000000    3.066293   -0.066293 (VIOLATED)
_392_/ZN                                3.000000    3.018766   -0.018767 (VIOLATED)
_395_/B1                                3.000000    3.018766   -0.018767 (VIOLATED)
_415_/A1                                3.000000    3.018766   -0.018767 (VIOLATED)
_441_/A1                                3.000000    3.018766   -0.018767 (VIOLATED)
_454_/B                                 3.000000    3.018766   -0.018767 (VIOLATED)
_476_/A1                                3.000000    3.018766   -0.018767 (VIOLATED)

max fanout

Pin                                   Limit Fanout  Slack
---------------------------------------------------------
_323_/ZN                                 10     26    -16 (VIOLATED)
_357_/ZN                                 10     23    -13 (VIOLATED)
_359_/ZN                                 10     23    -13 (VIOLATED)
_360_/ZN                                 10     23    -13 (VIOLATED)
rst_n                                    10     19     -9 (VIOLATED)
_356_/ZN                                 10     18     -8 (VIOLATED)
_386_/ZN                                 10     16     -6 (VIOLATED)
_554_/ZN                                 10     16     -6 (VIOLATED)
_329_/ZN                                 10     12     -2 (VIOLATED)
_349_/ZN                                 10     12     -2 (VIOLATED)
_379_/ZN                                 10     11        (VIOLATED)
_387_/ZN                                 10     11        (VIOLATED)



===========================================================================
report_parasitic_annotation -report_unannotated
============================================================================
Found 392 unannotated drivers.
 clk
 ena
 rst_n
 ua[0]
 ua[1]
 ua[2]
 ua[3]
 ua[4]
 ua[5]
 ua[6]
 ua[7]
 ui_in[0]
 ui_in[1]
 ui_in[2]
 ui_in[3]
 ui_in[4]
 ui_in[5]
 ui_in[6]
 ui_in[7]
 uio_in[0]
 uio_in[1]
 uio_in[2]
 uio_in[3]
 uio_in[4]
 uio_in[5]
 uio_in[6]
 uio_in[7]
 _309_/ZN
 _310_/ZN
 _311_/ZN
 _312_/ZN
 _313_/ZN
 _314_/ZN
 _315_/ZN
 _316_/ZN
 _317_/ZN
 _318_/ZN
 _319_/ZN
 _320_/ZN
 _321_/ZN
 _322_/ZN
 _323_/ZN
 _324_/ZN
 _325_/Z
 _326_/ZN
 _327_/Z
 _328_/ZN
 _329_/ZN
 _330_/ZN
 _331_/ZN
 _332_/ZN
 _333_/ZN
 _334_/ZN
 _335_/ZN
 _336_/ZN
 _337_/ZN
 _338_/ZN
 _339_/ZN
 _340_/ZN
 _341_/ZN
 _342_/ZN
 _343_/ZN
 _344_/Z
 _345_/ZN
 _346_/ZN
 _347_/ZN
 _348_/ZN
 _349_/ZN
 _350_/ZN
 _351_/ZN
 _352_/ZN
 _353_/ZN
 _354_/ZN
 _355_/ZN
 _356_/ZN
 _357_/ZN
 _358_/ZN
 _359_/ZN
 _360_/ZN
 _361_/Z
 _362_/ZN
 _363_/ZN
 _364_/ZN
 _365_/ZN
 _366_/ZN
 _367_/ZN
 _368_/ZN
 _369_/Z
 _370_/Z
 _371_/ZN
 _372_/ZN
 _373_/ZN
 _374_/ZN
 _375_/ZN
 _376_/ZN
 _377_/ZN
 _378_/ZN
 _379_/ZN
 _380_/ZN
 _381_/ZN
 _382_/ZN
 _383_/ZN
 _384_/ZN
 _385_/ZN
 _386_/ZN
 _387_/ZN
 _388_/Z
 _389_/ZN
 _390_/ZN
 _391_/ZN
 _392_/ZN
 _393_/ZN
 _394_/ZN
 _395_/ZN
 _396_/ZN
 _397_/Z
 _398_/ZN
 _399_/ZN
 _400_/ZN
 _401_/ZN
 _402_/ZN
 _403_/ZN
 _404_/ZN
 _405_/ZN
 _406_/Z
 _407_/ZN
 _408_/ZN
 _409_/ZN
 _410_/ZN
 _411_/ZN
 _412_/ZN
 _413_/ZN
 _414_/ZN
 _415_/ZN
 _416_/ZN
 _417_/ZN
 _418_/ZN
 _419_/ZN
 _420_/ZN
 _421_/ZN
 _422_/ZN
 _423_/ZN
 _424_/ZN
 _425_/ZN
 _426_/ZN
 _427_/ZN
 _428_/ZN
 _429_/ZN
 _430_/ZN
 _431_/ZN
 _432_/ZN
 _433_/ZN
 _434_/ZN
 _435_/ZN
 _436_/ZN
 _437_/ZN
 _438_/ZN
 _439_/ZN
 _440_/ZN
 _441_/ZN
 _442_/ZN
 _443_/ZN
 _444_/ZN
 _445_/ZN
 _446_/ZN
 _447_/ZN
 _448_/ZN
 _449_/ZN
 _450_/ZN
 _451_/ZN
 _452_/ZN
 _453_/ZN
 _454_/ZN
 _455_/Z
 _456_/ZN
 _457_/ZN
 _458_/ZN
 _459_/ZN
 _460_/ZN
 _461_/ZN
 _462_/ZN
 _463_/ZN
 _464_/ZN
 _465_/ZN
 _466_/ZN
 _467_/ZN
 _468_/ZN
 _469_/ZN
 _470_/ZN
 _471_/ZN
 _472_/ZN
 _473_/ZN
 _474_/ZN
 _475_/ZN
 _476_/ZN
 _477_/ZN
 _478_/ZN
 _479_/ZN
 _480_/ZN
 _481_/ZN
 _482_/ZN
 _483_/ZN
 _484_/ZN
 _485_/Z
 _486_/ZN
 _487_/ZN
 _488_/ZN
 _489_/ZN
 _490_/ZN
 _491_/Z
 _492_/ZN
 _493_/ZN
 _494_/ZN
 _495_/ZN
 _496_/ZN
 _497_/ZN
 _498_/Z
 _499_/ZN
 _500_/ZN
 _501_/ZN
 _502_/ZN
 _503_/ZN
 _504_/ZN
 _505_/ZN
 _506_/ZN
 _507_/ZN
 _508_/Z
 _509_/ZN
 _510_/ZN
 _511_/ZN
 _512_/ZN
 _513_/ZN
 _514_/Z
 _515_/ZN
 _516_/ZN
 _517_/ZN
 _518_/ZN
 _519_/ZN
 _520_/ZN
 _521_/ZN
 _522_/ZN
 _523_/ZN
 _524_/ZN
 _525_/ZN
 _526_/ZN
 _527_/ZN
 _528_/ZN
 _529_/ZN
 _530_/ZN
 _531_/ZN
 _532_/ZN
 _533_/ZN
 _534_/ZN
 _535_/ZN
 _536_/Z
 _537_/ZN
 _538_/ZN
 _539_/ZN
 _540_/ZN
 _541_/ZN
 _542_/ZN
 _543_/ZN
 _544_/ZN
 _545_/Z
 _546_/ZN
 _547_/ZN
 _548_/ZN
 _549_/ZN
 _550_/ZN
 _551_/ZN
 _552_/ZN
 _553_/ZN
 _554_/ZN
 _555_/ZN
 _556_/ZN
 _557_/ZN
 _558_/ZN
 _559_/ZN
 _560_/ZN
 _561_/ZN
 _562_/ZN
 _563_/ZN
 _564_/ZN
 _565_/ZN
 _566_/ZN
 _567_/ZN
 _568_/ZN
 _569_/ZN
 _570_/ZN
 _571_/ZN
 _572_/ZN
 _573_/ZN
 _574_/ZN
 _575_/ZN
 _576_/ZN
 _577_/ZN
 _578_/ZN
 _579_/ZN
 _580_/ZN
 _581_/ZN
 _582_/ZN
 _583_/ZN
 _584_/ZN
 _585_/ZN
 _586_/ZN
 _587_/ZN
 _588_/ZN
 _589_/ZN
 _590_/ZN
 _591_/ZN
 _592_/ZN
 _593_/ZN
 _594_/ZN
 _595_/ZN
 _596_/ZN
 _597_/ZN
 _598_/ZN
 _599_/ZN
 _600_/ZN
 _601_/ZN
 _602_/ZN
 _603_/ZN
 _604_/ZN
 _605_/ZN
 _606_/ZN
 _607_/ZN
 _608_/ZN
 _609_/ZN
 _610_/ZN
 _611_/ZN
 _612_/Z
 _613_/ZN
 _614_/ZN
 _615_/ZN
 _616_/ZN
 _617_/ZN
 _618_/Q
 _619_/Q
 _620_/Q
 _621_/Q
 _622_/Q
 _623_/Q
 _624_/Q
 _625_/Q
 _626_/Q
 _627_/Q
 _628_/Q
 _629_/Q
 _630_/Q
 _631_/Q
 _632_/Q
 _633_/Q
 _634_/Q
 _635_/Q
 _636_/Q
 _637_/Q
 _638_/Q
 _639_/Q
 _640_/Q
 _641_/Q
 _642_/Q
 _643_/Q
 _644_/Q
 _645_/Q
 _646_/Q
 _647_/Q
 _648_/Q
 _649_/Q
 _650_/Q
 _651_/Q
 _652_/Q
 _653_/Q
 _654_/Q
 _655_/Q
 _656_/Q
 _657_/Q
 _658_/ZN
 _659_/ZN
 _660_/ZN
 _661_/ZN
 _662_/ZN
 _663_/ZN
 _664_/ZN
 _665_/ZN
 _666_/ZN
 _667_/ZN
 _668_/ZN
 _669_/ZN
 _670_/ZN
 _671_/ZN
 _672_/ZN
 _673_/ZN
Found 0 partially unannotated drivers.

===========================================================================
max slew violation count 313
max fanout violation count 12
max cap violation count 0
============================================================================

===========================================================================
check_setup -verbose -unconstrained_endpoints -multiple_clock -no_clock -no_input_delay -loops -generated_clocks
===========================================================================
Warning: There are 8 unconstrained endpoints.
  ua[0]
  ua[1]
  ua[2]
  ua[3]
  ua[4]
  ua[5]
  ua[6]
  ua[7]
