Clock: clk
Sources: clk 
Generated: no
Virtual: no
Propagated: no
Period: 20.000000

===========================================================================
report_clock_properties
============================================================================
Clock                   Period          Waveform
----------------------------------------------------
clk                  20.000000    0.000000 10.000000

===========================================================================
report_clock_latency
============================================================================
Clock clk
rise -> rise
    min     max
0.000000 0.000000 source latency
0.754089         network latency _618_/CLK
        0.833467 network latency _618_/CLK
---------------
0.754089 0.833467 latency
        0.079378 skew

fall -> fall
    min     max
0.000000 0.000000 source latency
0.392782         network latency _618_/CLK
        0.434127 network latency _618_/CLK
---------------
0.392782 0.434127 latency
        0.041346 skew



===========================================================================
report_clock_min_period
============================================================================
clk period_min = 26.83 fmax = 37.28
