[WARNING ORD-0032] Invalid thread number specification: None.
Reading timing models for corner nom_tt_025C_3v30…
Reading timing library for the 'nom_tt_025C_3v30' corner at '/home/ihsan/.cc/toolchains/iic-osic-tools-2026.09/foss/pdks/gf180mcuD/libs.ref/gf180mcu_fd_sc_mcu7t5v0/lib/gf180mcu_fd_sc_mcu7t5v0__tt_025C_3v30.lib'…
Reading timing library for the 'nom_tt_025C_3v30' corner at '/home/ihsan/.cc/toolchains/iic-osic-tools-2026.09/foss/pdks/gf180mcuD/libs.ref/gf180mcu_fd_io/lib/gf180mcu_fd_io__tt_025C_3v30.lib.gz'…
Reading OpenROAD database at '/home/ihsan/.cc/worktrees/ece298a/r2r-dac/blocks/r2r_dac/top/harden/runs/run/18-openroad-cutrows/tt_um_r2r_dac_digital.odb'…
Reading design constraints file at '/home/ihsan/.cc/toolchains/iic-osic-tools-2026.09/usr/local/lib/python3.12/dist-packages/librelane/scripts/base.sdc'…
[INFO] Using clock clk…
[INFO] Setting output delay to: 4.0
[INFO] Setting input delay to: 4.0
[INFO] Setting load to: 0.07291
[INFO] Setting clock uncertainty to: 0.25
[INFO] Setting clock transition to: 0.15
[INFO] Setting timing derate to: 5.0%
+ tapcell -halo_width_x 10.0 -halo_width_y 10.0 -distance 20.0 -tapcell_master gf180mcu_fd_sc_mcu7t5v0__filltie -endcap_master gf180mcu_fd_sc_mcu7t5v0__endcap
[INFO ODB-0303] The initial 95 rows (47739 sites) were cut with 1 shapes for a total of 95 rows (47739 sites).
[INFO TAP-0004] Inserted 162 endcaps.
[INFO TAP-0005] Inserted 694 tapcells.
Setting global connections for newly added cells…
[INFO] Setting global connections...
u_analog matched with u_analog
[INFO ODB-0403] 1768 connections made, 0 conflicts skipped.
Updating metrics…
Cell type report:                       Count       Area
  Macro                                     1    1159.07
  Endcap cell                             190     834.18
  Tap cell                                694    3046.94
  Tie cell                                 16     140.49
  Inverter                                 25     219.52
  Sequential cell                          40    2546.43
  Multi-Input combinational cell          284    4923.83
  Total                                  1250   12870.46
Writing OpenROAD database to '/home/ihsan/.cc/worktrees/ece298a/r2r-dac/blocks/r2r_dac/top/harden/runs/run/19-openroad-tapendcapinsertion/tt_um_r2r_dac_digital.odb'…
Writing netlist to '/home/ihsan/.cc/worktrees/ece298a/r2r-dac/blocks/r2r_dac/top/harden/runs/run/19-openroad-tapendcapinsertion/tt_um_r2r_dac_digital.nl.v'…
Writing powered netlist to '/home/ihsan/.cc/worktrees/ece298a/r2r-dac/blocks/r2r_dac/top/harden/runs/run/19-openroad-tapendcapinsertion/tt_um_r2r_dac_digital.pnl.v'…
Writing layout to '/home/ihsan/.cc/worktrees/ece298a/r2r-dac/blocks/r2r_dac/top/harden/runs/run/19-openroad-tapendcapinsertion/tt_um_r2r_dac_digital.def'…
Writing timing constraints to '/home/ihsan/.cc/worktrees/ece298a/r2r-dac/blocks/r2r_dac/top/harden/runs/run/19-openroad-tapendcapinsertion/tt_um_r2r_dac_digital.sdc'…
