Clock: clk
Sources: clk 
Generated: no
Virtual: no
Propagated: no
Period: 20.000000

===========================================================================
report_clock_properties
============================================================================
Clock                   Period          Waveform
----------------------------------------------------
clk                  20.000000    0.000000 10.000000

===========================================================================
report_clock_latency
============================================================================
Clock clk
rise -> rise
    min     max
0.000000 0.000000 source latency
0.260109         network latency _618_/CLK
        0.287489 network latency _618_/CLK
---------------
0.260109 0.287489 latency
        0.027380 skew

fall -> fall
    min     max
0.000000 0.000000 source latency
0.146022         network latency _618_/CLK
        0.161393 network latency _618_/CLK
---------------
0.146022 0.161393 latency
        0.015371 skew



===========================================================================
report_clock_min_period
============================================================================
clk period_min = 0.00 fmax = inf
