
 /----------------------------------------------------------------------------\
 |  yosys -- Yosys Open SYnthesis Suite                                       |
 |  Copyright (C) 2012 - 2026  Claire Xenia Wolf <claire@yosyshq.com>         |
 |  Distributed under an ISC-like license, type "license" to see terms        |
 \----------------------------------------------------------------------------/
 Yosys 0.69 (git sha1 9f75ca1f9, Release, GNU /usr/bin/c++ 13.3.0)

-- Executing script file `database/design.ys' --

1. Executing Verilog-2005 frontend: /home/ihsan/.cc/worktrees/ece298a/r2r-dac/blocks/r2r_dac/digital/rtl/r2r_dac_digital.v
Parsing SystemVerilog input from `/home/ihsan/.cc/worktrees/ece298a/r2r-dac/blocks/r2r_dac/digital/rtl/r2r_dac_digital.v' to AST representation.
Generating RTLIL representation for module `\r2r_dac_digital'.
Successfully finished Verilog frontend.

2. Executing HIERARCHY pass (managing design hierarchy).

2.1. Analyzing design hierarchy..
Top module:  \r2r_dac_digital

2.2. Analyzing design hierarchy..
Top module:  \r2r_dac_digital
Removed 0 unused modules.

3. Executing PROC pass (convert processes to netlists).

3.1. Executing PROC_CLEAN pass (remove empty switches from decision trees).
Cleaned up 0 empty switches.

3.2. Executing PROC_RMDEAD pass (remove dead branches from decision trees).
Marked 2 switch rules as full_case in process $proc$/home/ihsan/.cc/worktrees/ece298a/r2r-dac/blocks/r2r_dac/digital/rtl/r2r_dac_digital.v:285$5 in module r2r_dac_digital.
Removed 1 dead cases from process $proc$/home/ihsan/.cc/worktrees/ece298a/r2r-dac/blocks/r2r_dac/digital/rtl/r2r_dac_digital.v:21$1 in module r2r_dac_digital.
Marked 1 switch rules as full_case in process $proc$/home/ihsan/.cc/worktrees/ece298a/r2r-dac/blocks/r2r_dac/digital/rtl/r2r_dac_digital.v:21$1 in module r2r_dac_digital.
Removed a total of 1 dead cases.

3.3. Executing PROC_PRUNE pass (remove redundant assignments in processes).
Removed 2 redundant assignments.
Promoted 1 assignment to connection.

3.4. Executing PROC_INIT pass (extract init attributes).

3.5. Executing PROC_ARST pass (detect async resets in processes).

3.6. Executing PROC_ROM pass (convert switches to ROMs).
Converted 1 switch.
<suppressed ~4 debug messages>

3.7. Executing PROC_MUX pass (convert decision trees to multiplexers).
Creating decoders for process `\r2r_dac_digital.$proc$/home/ihsan/.cc/worktrees/ece298a/r2r-dac/blocks/r2r_dac/digital/rtl/r2r_dac_digital.v:285$5'.
     1/4: $0\dac_code[7:0]
     2/4: $0\presc[7:0]
     3/4: $0\cnt[7:0]
     4/4: $0\code_reg[7:0]
Creating decoders for process `\r2r_dac_digital.$proc$/home/ihsan/.cc/worktrees/ece298a/r2r-dac/blocks/r2r_dac/digital/rtl/r2r_dac_digital.v:21$1'.
     1/1: $1\sine_val[7:0]

3.8. Executing PROC_DLATCH pass (convert process syncs to latches).
No latch inferred for signal `\r2r_dac_digital.\sine_val' from process `\r2r_dac_digital.$proc$/home/ihsan/.cc/worktrees/ece298a/r2r-dac/blocks/r2r_dac/digital/rtl/r2r_dac_digital.v:21$1'.

3.9. Executing PROC_DFF pass (convert process syncs to FFs).
Creating register for signal `\r2r_dac_digital.\dac_code' using process `\r2r_dac_digital.$proc$/home/ihsan/.cc/worktrees/ece298a/r2r-dac/blocks/r2r_dac/digital/rtl/r2r_dac_digital.v:285$5'.
  created $dff cell `$procdff$36' with positive edge clock.
Creating register for signal `\r2r_dac_digital.\code_reg' using process `\r2r_dac_digital.$proc$/home/ihsan/.cc/worktrees/ece298a/r2r-dac/blocks/r2r_dac/digital/rtl/r2r_dac_digital.v:285$5'.
  created $dff cell `$procdff$37' with positive edge clock.
Creating register for signal `\r2r_dac_digital.\cnt' using process `\r2r_dac_digital.$proc$/home/ihsan/.cc/worktrees/ece298a/r2r-dac/blocks/r2r_dac/digital/rtl/r2r_dac_digital.v:285$5'.
  created $dff cell `$procdff$38' with positive edge clock.
Creating register for signal `\r2r_dac_digital.\presc' using process `\r2r_dac_digital.$proc$/home/ihsan/.cc/worktrees/ece298a/r2r-dac/blocks/r2r_dac/digital/rtl/r2r_dac_digital.v:285$5'.
  created $dff cell `$procdff$39' with positive edge clock.

3.10. Executing PROC_MEMWR pass (convert process memory writes to cells).

3.11. Executing PROC_CLEAN pass (remove empty switches from decision trees).
Found and cleaned up 4 empty switches in `\r2r_dac_digital.$proc$/home/ihsan/.cc/worktrees/ece298a/r2r-dac/blocks/r2r_dac/digital/rtl/r2r_dac_digital.v:285$5'.
Removing empty process `r2r_dac_digital.$proc$/home/ihsan/.cc/worktrees/ece298a/r2r-dac/blocks/r2r_dac/digital/rtl/r2r_dac_digital.v:285$5'.
Found and cleaned up 1 empty switch in `\r2r_dac_digital.$proc$/home/ihsan/.cc/worktrees/ece298a/r2r-dac/blocks/r2r_dac/digital/rtl/r2r_dac_digital.v:21$1'.
Removing empty process `r2r_dac_digital.$proc$/home/ihsan/.cc/worktrees/ece298a/r2r-dac/blocks/r2r_dac/digital/rtl/r2r_dac_digital.v:21$1'.
Cleaned up 5 empty switches.

3.12. Executing OPT_EXPR pass (perform const folding).
Optimizing module r2r_dac_digital.
<suppressed ~6 debug messages>

4. Executing RTLIL backend.
Output filename: database/design.il

End of script. Logfile hash: 4da37fea72, time: 0.05s, user: 0.02s, system: 0.01s, MEM: 30.88 MB peak
Yosys 0.69 (git sha1 9f75ca1f9, Release, GNU /usr/bin/c++ 13.3.0)
Time spent: 81% 2x read_verilog (0 sec), 2% 2x write_rtlil (0 sec), ...
