Clock: clk
Sources: clk 
Generated: no
Virtual: no
Propagated: no
Period: 20.000000

===========================================================================
report_clock_properties
============================================================================
Clock                   Period          Waveform
----------------------------------------------------
clk                  20.000000    0.000000 10.000000

===========================================================================
report_clock_latency
============================================================================
Clock clk
rise -> rise
    min     max
0.000000 0.000000 source latency
0.412676         network latency _618_/CLK
        0.456115 network latency _618_/CLK
---------------
0.412676 0.456115 latency
        0.043440 skew

fall -> fall
    min     max
0.000000 0.000000 source latency
0.224640         network latency _618_/CLK
        0.248286 network latency _618_/CLK
---------------
0.224640 0.248286 latency
        0.023646 skew



===========================================================================
report_clock_min_period
============================================================================
clk period_min = 0.00 fmax = inf
