
===========================================================================
 report_power
============================================================================
======================= nom_tt_025C_3v30 Corner ===================================

Group                    Internal    Switching      Leakage        Total
                            Power        Power        Power        Power (Watts)
------------------------------------------------------------------------
Sequential           4.428036e-04 2.206503e-05 7.271665e-09 4.648759e-04  78.3%
Combinational        6.450595e-05 6.400484e-05 1.501701e-08 1.285258e-04  21.7%
Clock                0.000000e+00 0.000000e+00 0.000000e+00 0.000000e+00   0.0%
Macro                0.000000e+00 0.000000e+00 0.000000e+00 0.000000e+00   0.0%
Pad                  0.000000e+00 0.000000e+00 0.000000e+00 0.000000e+00   0.0%
------------------------------------------------------------------------
Total                5.073096e-04 8.606988e-05 2.228866e-08 5.934018e-04 100.0%
                            85.5%        14.5%         0.0%

