[WARNING ORD-0032] Invalid thread number specification: None.
Reading timing models for corner nom_tt_025C_3v30…
Reading timing library for the 'nom_tt_025C_3v30' corner at '/home/ihsan/.cc/toolchains/iic-osic-tools-2026.09/foss/pdks/gf180mcuD/libs.ref/gf180mcu_fd_sc_mcu7t5v0/lib/gf180mcu_fd_sc_mcu7t5v0__tt_025C_3v30.lib'…
Reading timing library for the 'nom_tt_025C_3v30' corner at '/home/ihsan/.cc/toolchains/iic-osic-tools-2026.09/foss/pdks/gf180mcuD/libs.ref/gf180mcu_fd_io/lib/gf180mcu_fd_io__tt_025C_3v30.lib.gz'…
Reading technology LEF file at '/home/ihsan/.cc/toolchains/iic-osic-tools-2026.09/foss/pdks/gf180mcuD/libs.ref/gf180mcu_fd_sc_mcu7t5v0/techlef/gf180mcu_fd_sc_mcu7t5v0__nom.tlef'…
[INFO ODB-0388] unsupported LEF58_EOLENCLOSURE property for layer Via1 :"
  	EOLENCLOSURE 0.34 0.06 ;"
[INFO ODB-0388] unsupported LEF58_EOLENCLOSURE property for layer Via2 :" EOLENCLOSURE 0.34 0.06 ; "
[INFO ODB-0388] unsupported LEF58_EOLENCLOSURE property for layer Via3 :" EOLENCLOSURE 0.34 0.06 ; "
[INFO ODB-0388] unsupported LEF58_EOLENCLOSURE property for layer Via4 :" EOLENCLOSURE 0.34 0.06 ; "
[INFO ODB-0227] LEF file: /home/ihsan/.cc/toolchains/iic-osic-tools-2026.09/foss/pdks/gf180mcuD/libs.ref/gf180mcu_fd_sc_mcu7t5v0/techlef/gf180mcu_fd_sc_mcu7t5v0__nom.tlef, created 15 layers, 56 vias
Making fake IO site GF_IO_Site…
Making fake IO site GF_COR_Site…
Reading cell LEF file at '/home/ihsan/.cc/toolchains/iic-osic-tools-2026.09/foss/pdks/gf180mcuD/libs.ref/gf180mcu_fd_sc_mcu7t5v0/lef/gf180mcu_fd_sc_mcu7t5v0.lef'…
[WARNING ODB-0220] WARNING (LEFPARS-2008): NOWIREEXTENSIONATPIN statement is obsolete in version 5.6 or later.
The NOWIREEXTENSIONATPIN statement will be ignored. See file /home/ihsan/.cc/toolchains/iic-osic-tools-2026.09/foss/pdks/gf180mcuD/libs.ref/gf180mcu_fd_sc_mcu7t5v0/lef/gf180mcu_fd_sc_mcu7t5v0.lef at line 2.

[INFO ODB-0227] LEF file: /home/ihsan/.cc/toolchains/iic-osic-tools-2026.09/foss/pdks/gf180mcuD/libs.ref/gf180mcu_fd_sc_mcu7t5v0/lef/gf180mcu_fd_sc_mcu7t5v0.lef, created 229 library cells
Reading macro LEF file at '/home/ihsan/.cc/worktrees/ece298a/r2r-dac/blocks/r2r_dac/top/macros/r2r_dac_analog.lef'…
[WARNING ODB-0220] WARNING (LEFPARS-2008): NOWIREEXTENSIONATPIN statement is obsolete in version 5.6 or later.
The NOWIREEXTENSIONATPIN statement will be ignored. See file /home/ihsan/.cc/worktrees/ece298a/r2r-dac/blocks/r2r_dac/top/macros/r2r_dac_analog.lef at line 2.

[INFO ODB-0227] LEF file: /home/ihsan/.cc/worktrees/ece298a/r2r-dac/blocks/r2r_dac/top/macros/r2r_dac_analog.lef, created 1 library cells
Reading gpio pad LEF file at '/home/ihsan/.cc/toolchains/iic-osic-tools-2026.09/foss/pdks/gf180mcuD/libs.ref/gf180mcu_fd_io/lef/gf180mcu_fd_io__in_s.lef'…
[WARNING ODB-0220] WARNING (LEFPARS-2008): NOWIREEXTENSIONATPIN statement is obsolete in version 5.6 or later.
The NOWIREEXTENSIONATPIN statement will be ignored. See file /home/ihsan/.cc/toolchains/iic-osic-tools-2026.09/foss/pdks/gf180mcuD/libs.ref/gf180mcu_fd_io/lef/gf180mcu_fd_io__in_s.lef at line 2.

[INFO ODB-0227] LEF file: /home/ihsan/.cc/toolchains/iic-osic-tools-2026.09/foss/pdks/gf180mcuD/libs.ref/gf180mcu_fd_io/lef/gf180mcu_fd_io__in_s.lef, created 1 library cells
Reading gpio pad LEF file at '/home/ihsan/.cc/toolchains/iic-osic-tools-2026.09/foss/pdks/gf180mcuD/libs.ref/gf180mcu_fd_io/lef/gf180mcu_fd_io__cor.lef'…
[WARNING ODB-0220] WARNING (LEFPARS-2008): NOWIREEXTENSIONATPIN statement is obsolete in version 5.6 or later.
The NOWIREEXTENSIONATPIN statement will be ignored. See file /home/ihsan/.cc/toolchains/iic-osic-tools-2026.09/foss/pdks/gf180mcuD/libs.ref/gf180mcu_fd_io/lef/gf180mcu_fd_io__cor.lef at line 2.

[INFO ODB-0227] LEF file: /home/ihsan/.cc/toolchains/iic-osic-tools-2026.09/foss/pdks/gf180mcuD/libs.ref/gf180mcu_fd_io/lef/gf180mcu_fd_io__cor.lef, created 1 library cells
Reading gpio pad LEF file at '/home/ihsan/.cc/toolchains/iic-osic-tools-2026.09/foss/pdks/gf180mcuD/libs.ref/gf180mcu_fd_io/lef/gf180mcu_fd_io__in_c.lef'…
[WARNING ODB-0220] WARNING (LEFPARS-2008): NOWIREEXTENSIONATPIN statement is obsolete in version 5.6 or later.
The NOWIREEXTENSIONATPIN statement will be ignored. See file /home/ihsan/.cc/toolchains/iic-osic-tools-2026.09/foss/pdks/gf180mcuD/libs.ref/gf180mcu_fd_io/lef/gf180mcu_fd_io__in_c.lef at line 2.

[INFO ODB-0227] LEF file: /home/ihsan/.cc/toolchains/iic-osic-tools-2026.09/foss/pdks/gf180mcuD/libs.ref/gf180mcu_fd_io/lef/gf180mcu_fd_io__in_c.lef, created 1 library cells
Reading gpio pad LEF file at '/home/ihsan/.cc/toolchains/iic-osic-tools-2026.09/foss/pdks/gf180mcuD/libs.ref/gf180mcu_fd_io/lef/gf180mcu_fd_io__brk5.lef'…
[WARNING ODB-0220] WARNING (LEFPARS-2008): NOWIREEXTENSIONATPIN statement is obsolete in version 5.6 or later.
The NOWIREEXTENSIONATPIN statement will be ignored. See file /home/ihsan/.cc/toolchains/iic-osic-tools-2026.09/foss/pdks/gf180mcuD/libs.ref/gf180mcu_fd_io/lef/gf180mcu_fd_io__brk5.lef at line 2.

[INFO ODB-0227] LEF file: /home/ihsan/.cc/toolchains/iic-osic-tools-2026.09/foss/pdks/gf180mcuD/libs.ref/gf180mcu_fd_io/lef/gf180mcu_fd_io__brk5.lef, created 1 library cells
Reading gpio pad LEF file at '/home/ihsan/.cc/toolchains/iic-osic-tools-2026.09/foss/pdks/gf180mcuD/libs.ref/gf180mcu_fd_io/lef/gf180mcu_fd_io__fill5.lef'…
[WARNING ODB-0220] WARNING (LEFPARS-2008): NOWIREEXTENSIONATPIN statement is obsolete in version 5.6 or later.
The NOWIREEXTENSIONATPIN statement will be ignored. See file /home/ihsan/.cc/toolchains/iic-osic-tools-2026.09/foss/pdks/gf180mcuD/libs.ref/gf180mcu_fd_io/lef/gf180mcu_fd_io__fill5.lef at line 2.

[INFO ODB-0227] LEF file: /home/ihsan/.cc/toolchains/iic-osic-tools-2026.09/foss/pdks/gf180mcuD/libs.ref/gf180mcu_fd_io/lef/gf180mcu_fd_io__fill5.lef, created 1 library cells
Reading gpio pad LEF file at '/home/ihsan/.cc/toolchains/iic-osic-tools-2026.09/foss/pdks/gf180mcuD/libs.ref/gf180mcu_fd_io/lef/gf180mcu_fd_io__brk2.lef'…
[WARNING ODB-0220] WARNING (LEFPARS-2008): NOWIREEXTENSIONATPIN statement is obsolete in version 5.6 or later.
The NOWIREEXTENSIONATPIN statement will be ignored. See file /home/ihsan/.cc/toolchains/iic-osic-tools-2026.09/foss/pdks/gf180mcuD/libs.ref/gf180mcu_fd_io/lef/gf180mcu_fd_io__brk2.lef at line 2.

[INFO ODB-0227] LEF file: /home/ihsan/.cc/toolchains/iic-osic-tools-2026.09/foss/pdks/gf180mcuD/libs.ref/gf180mcu_fd_io/lef/gf180mcu_fd_io__brk2.lef, created 1 library cells
Reading gpio pad LEF file at '/home/ihsan/.cc/toolchains/iic-osic-tools-2026.09/foss/pdks/gf180mcuD/libs.ref/gf180mcu_fd_io/lef/gf180mcu_fd_io__bi_t.lef'…
[WARNING ODB-0220] WARNING (LEFPARS-2008): NOWIREEXTENSIONATPIN statement is obsolete in version 5.6 or later.
The NOWIREEXTENSIONATPIN statement will be ignored. See file /home/ihsan/.cc/toolchains/iic-osic-tools-2026.09/foss/pdks/gf180mcuD/libs.ref/gf180mcu_fd_io/lef/gf180mcu_fd_io__bi_t.lef at line 2.

[INFO ODB-0227] LEF file: /home/ihsan/.cc/toolchains/iic-osic-tools-2026.09/foss/pdks/gf180mcuD/libs.ref/gf180mcu_fd_io/lef/gf180mcu_fd_io__bi_t.lef, created 1 library cells
Reading gpio pad LEF file at '/home/ihsan/.cc/toolchains/iic-osic-tools-2026.09/foss/pdks/gf180mcuD/libs.ref/gf180mcu_fd_io/lef/gf180mcu_fd_io__asig_5p0.lef'…
[WARNING ODB-0220] WARNING (LEFPARS-2008): NOWIREEXTENSIONATPIN statement is obsolete in version 5.6 or later.
The NOWIREEXTENSIONATPIN statement will be ignored. See file /home/ihsan/.cc/toolchains/iic-osic-tools-2026.09/foss/pdks/gf180mcuD/libs.ref/gf180mcu_fd_io/lef/gf180mcu_fd_io__asig_5p0.lef at line 2.

[INFO ODB-0227] LEF file: /home/ihsan/.cc/toolchains/iic-osic-tools-2026.09/foss/pdks/gf180mcuD/libs.ref/gf180mcu_fd_io/lef/gf180mcu_fd_io__asig_5p0.lef, created 1 library cells
Reading gpio pad LEF file at '/home/ihsan/.cc/toolchains/iic-osic-tools-2026.09/foss/pdks/gf180mcuD/libs.ref/gf180mcu_fd_io/lef/gf180mcu_fd_io__bi_24t.lef'…
[WARNING ODB-0220] WARNING (LEFPARS-2008): NOWIREEXTENSIONATPIN statement is obsolete in version 5.6 or later.
The NOWIREEXTENSIONATPIN statement will be ignored. See file /home/ihsan/.cc/toolchains/iic-osic-tools-2026.09/foss/pdks/gf180mcuD/libs.ref/gf180mcu_fd_io/lef/gf180mcu_fd_io__bi_24t.lef at line 2.

[INFO ODB-0227] LEF file: /home/ihsan/.cc/toolchains/iic-osic-tools-2026.09/foss/pdks/gf180mcuD/libs.ref/gf180mcu_fd_io/lef/gf180mcu_fd_io__bi_24t.lef, created 1 library cells
Reading gpio pad LEF file at '/home/ihsan/.cc/toolchains/iic-osic-tools-2026.09/foss/pdks/gf180mcuD/libs.ref/gf180mcu_fd_io/lef/gf180mcu_fd_io__fill10.lef'…
[WARNING ODB-0220] WARNING (LEFPARS-2008): NOWIREEXTENSIONATPIN statement is obsolete in version 5.6 or later.
The NOWIREEXTENSIONATPIN statement will be ignored. See file /home/ihsan/.cc/toolchains/iic-osic-tools-2026.09/foss/pdks/gf180mcuD/libs.ref/gf180mcu_fd_io/lef/gf180mcu_fd_io__fill10.lef at line 2.

[INFO ODB-0227] LEF file: /home/ihsan/.cc/toolchains/iic-osic-tools-2026.09/foss/pdks/gf180mcuD/libs.ref/gf180mcu_fd_io/lef/gf180mcu_fd_io__fill10.lef, created 1 library cells
Reading gpio pad LEF file at '/home/ihsan/.cc/toolchains/iic-osic-tools-2026.09/foss/pdks/gf180mcuD/libs.ref/gf180mcu_fd_io/lef/gf180mcu_fd_io__dvss.lef'…
[WARNING ODB-0220] WARNING (LEFPARS-2008): NOWIREEXTENSIONATPIN statement is obsolete in version 5.6 or later.
The NOWIREEXTENSIONATPIN statement will be ignored. See file /home/ihsan/.cc/toolchains/iic-osic-tools-2026.09/foss/pdks/gf180mcuD/libs.ref/gf180mcu_fd_io/lef/gf180mcu_fd_io__dvss.lef at line 2.

[INFO ODB-0227] LEF file: /home/ihsan/.cc/toolchains/iic-osic-tools-2026.09/foss/pdks/gf180mcuD/libs.ref/gf180mcu_fd_io/lef/gf180mcu_fd_io__dvss.lef, created 1 library cells
Reading gpio pad LEF file at '/home/ihsan/.cc/toolchains/iic-osic-tools-2026.09/foss/pdks/gf180mcuD/libs.ref/gf180mcu_fd_io/lef/gf180mcu_fd_io__dvdd.lef'…
[WARNING ODB-0220] WARNING (LEFPARS-2008): NOWIREEXTENSIONATPIN statement is obsolete in version 5.6 or later.
The NOWIREEXTENSIONATPIN statement will be ignored. See file /home/ihsan/.cc/toolchains/iic-osic-tools-2026.09/foss/pdks/gf180mcuD/libs.ref/gf180mcu_fd_io/lef/gf180mcu_fd_io__dvdd.lef at line 2.

[INFO ODB-0227] LEF file: /home/ihsan/.cc/toolchains/iic-osic-tools-2026.09/foss/pdks/gf180mcuD/libs.ref/gf180mcu_fd_io/lef/gf180mcu_fd_io__dvdd.lef, created 1 library cells
Reading gpio pad LEF file at '/home/ihsan/.cc/toolchains/iic-osic-tools-2026.09/foss/pdks/gf180mcuD/libs.ref/gf180mcu_fd_io/lef/gf180mcu_ef_io__bi_t.lef'…
[WARNING ODB-0220] WARNING (LEFPARS-2008): NOWIREEXTENSIONATPIN statement is obsolete in version 5.6 or later.
The NOWIREEXTENSIONATPIN statement will be ignored. See file /home/ihsan/.cc/toolchains/iic-osic-tools-2026.09/foss/pdks/gf180mcuD/libs.ref/gf180mcu_fd_io/lef/gf180mcu_ef_io__bi_t.lef at line 2.

[INFO ODB-0227] LEF file: /home/ihsan/.cc/toolchains/iic-osic-tools-2026.09/foss/pdks/gf180mcuD/libs.ref/gf180mcu_fd_io/lef/gf180mcu_ef_io__bi_t.lef, created 1 library cells
Reading gpio pad LEF file at '/home/ihsan/.cc/toolchains/iic-osic-tools-2026.09/foss/pdks/gf180mcuD/libs.ref/gf180mcu_fd_io/lef/gf180mcu_fd_io__fill1.lef'…
[WARNING ODB-0220] WARNING (LEFPARS-2008): NOWIREEXTENSIONATPIN statement is obsolete in version 5.6 or later.
The NOWIREEXTENSIONATPIN statement will be ignored. See file /home/ihsan/.cc/toolchains/iic-osic-tools-2026.09/foss/pdks/gf180mcuD/libs.ref/gf180mcu_fd_io/lef/gf180mcu_fd_io__fill1.lef at line 2.

[INFO ODB-0227] LEF file: /home/ihsan/.cc/toolchains/iic-osic-tools-2026.09/foss/pdks/gf180mcuD/libs.ref/gf180mcu_fd_io/lef/gf180mcu_fd_io__fill1.lef, created 1 library cells
Reading gpio pad LEF file at '/home/ihsan/.cc/toolchains/iic-osic-tools-2026.09/foss/pdks/gf180mcuD/libs.ref/gf180mcu_fd_io/lef/gf180mcu_fd_io__fillnc.lef'…
[WARNING ODB-0220] WARNING (LEFPARS-2008): NOWIREEXTENSIONATPIN statement is obsolete in version 5.6 or later.
The NOWIREEXTENSIONATPIN statement will be ignored. See file /home/ihsan/.cc/toolchains/iic-osic-tools-2026.09/foss/pdks/gf180mcuD/libs.ref/gf180mcu_fd_io/lef/gf180mcu_fd_io__fillnc.lef at line 2.

[INFO ODB-0227] LEF file: /home/ihsan/.cc/toolchains/iic-osic-tools-2026.09/foss/pdks/gf180mcuD/libs.ref/gf180mcu_fd_io/lef/gf180mcu_fd_io__fillnc.lef, created 1 library cells
Reading top-level netlist at '/home/ihsan/.cc/worktrees/ece298a/r2r-dac/blocks/r2r_dac/top/harden/runs/run/06-yosys-synthesis/tt_um_r2r_dac_digital.nl.v'…
Linking design 'tt_um_r2r_dac_digital' from netlist…
[WARNING ORD-2011] LEF master r2r_dac_analog has no liberty cell.
Reading design constraints file at '/home/ihsan/.cc/toolchains/iic-osic-tools-2026.09/usr/local/lib/python3.12/dist-packages/librelane/scripts/base.sdc'…
[INFO] Using clock clk…
[INFO] Setting output delay to: 4.0
[INFO] Setting input delay to: 4.0
[INFO] Setting load to: 0.07291
[INFO] Setting clock uncertainty to: 0.25
[INFO] Setting clock transition to: 0.15
[INFO] Setting timing derate to: 5.0%
Using site height: 3.92 and site width: 0.56…
[INFO] Using absolute sizing for the floorplan.
+ initialize_floorplan -site GF018hv5v_mcu_sc7 -die_area 0.0 0.0 346.64 325.36 -core_area 3.3600000000000003 3.92 343.28 321.44
[INFO IFP-0001] Added 81 rows of 607 site GF018hv5v_mcu_sc7.
[INFO IFP-0100] Die BBox:  (  0.000  0.000 ) ( 346.640 325.360 ) um
[INFO IFP-0101] Core BBox: (  3.360  3.920 ) ( 343.280 321.440 ) um
[INFO IFP-0102] Core area:                       107931.398 um^2
[INFO IFP-0103] Total instances area:              8989.344 um^2
[INFO IFP-0104] Effective utilization:                0.083
[INFO IFP-0105] Number of instances:                    366
[INFO IFP-0030] Inserted 0 tiecells using gf180mcu_fd_sc_mcu7t5v0__tiel/ZN.
[INFO IFP-0030] Inserted 0 tiecells using gf180mcu_fd_sc_mcu7t5v0__tieh/Z.
[INFO] Extracting DIE_AREA and CORE_AREA from the floorplan
[INFO] Floorplanned on a die area of 0.0 0.0 346.64 325.36 (µm).
[INFO] Floorplanned on a core area of 3.36 3.92 343.28 321.44 (µm).
Writing metric design__die__bbox: 0.0 0.0 346.64 325.36
Writing metric design__core__bbox: 3.36 3.92 343.28 321.44
Setting global connections for newly added cells…
[INFO] Setting global connections...
u_analog matched with u_analog
[INFO ODB-0403] 0 connections made, 0 conflicts skipped.
Updating metrics…
Cell type report:                       Count       Area
  Macro                                     1    1159.07
  Tie cell                                 16     140.49
  Inverter                                 25     219.52
  Sequential cell                          40    2546.43
  Multi-Input combinational cell          284    4923.83
  Total                                   366    8989.34
Writing OpenROAD database to '/home/ihsan/.cc/worktrees/ece298a/r2r-dac/blocks/r2r_dac/top/harden/runs/run/13-openroad-floorplan/tt_um_r2r_dac_digital.odb'…
Writing netlist to '/home/ihsan/.cc/worktrees/ece298a/r2r-dac/blocks/r2r_dac/top/harden/runs/run/13-openroad-floorplan/tt_um_r2r_dac_digital.nl.v'…
Writing powered netlist to '/home/ihsan/.cc/worktrees/ece298a/r2r-dac/blocks/r2r_dac/top/harden/runs/run/13-openroad-floorplan/tt_um_r2r_dac_digital.pnl.v'…
Writing layout to '/home/ihsan/.cc/worktrees/ece298a/r2r-dac/blocks/r2r_dac/top/harden/runs/run/13-openroad-floorplan/tt_um_r2r_dac_digital.def'…
Writing timing constraints to '/home/ihsan/.cc/worktrees/ece298a/r2r-dac/blocks/r2r_dac/top/harden/runs/run/13-openroad-floorplan/tt_um_r2r_dac_digital.sdc'…
