Starting…
Running 'Verilator.Lint' at 'runs/run/01-verilator-lint'…
Logging subprocess to [repr.filename]'runs/run/01-verilator-lint/verilator-lint.log'[/repr.filename]…
Running 'Checker.LintTimingConstructs' at 'runs/run/02-checker-linttimingconstructs'…
Check for Lint Timing Errors clear.
Running 'Checker.LintErrors' at 'runs/run/03-checker-linterrors'…
Check for Lint errors clear.
Running 'Checker.LintWarnings' at 'runs/run/04-checker-lintwarnings'…
2 Lint warnings found.
Running 'Yosys.JsonHeader' at 'runs/run/05-yosys-jsonheader'…
Logging subprocess to [repr.filename]'runs/run/05-yosys-jsonheader/yosys-jsonheader.log'[/repr.filename]…
Running 'Yosys.Synthesis' at 'runs/run/06-yosys-synthesis'…
Logging subprocess to [repr.filename]'runs/run/06-yosys-synthesis/yosys-synthesis.log'[/repr.filename]…
Parsing synthesis checks…
Running 'Checker.YosysUnmappedCells' at 'runs/run/07-checker-yosysunmappedcells'…
Check for Unmapped Yosys instances clear.
Running 'Checker.YosysSynthChecks' at 'runs/run/08-checker-yosyssynthchecks'…
Check for Yosys check errors clear.
Running 'Checker.NetlistAssignStatements' at 'runs/run/09-checker-netlistassignstatements'…
Running 'OpenROAD.CheckSDCFiles' at 'runs/run/10-openroad-checksdcfiles'…
'PNR_SDC_FILE' is not defined. Using generic fallback SDC for OpenROAD PnR steps.
'SIGNOFF_SDC_FILE' is not defined. Using generic fallback SDC for OpenROAD PnR steps.
Running 'OpenROAD.CheckMacroInstances' at 'runs/run/11-openroad-checkmacroinstances'…
No libs found for macro r2r_dac_analog at corner nom_tt_025C_3v30. The module will be black-boxed.
No libs found for macro r2r_dac_analog at corner nom_tt_025C_3v30. The module will be black-boxed.
Logging subprocess to [repr.filename]'runs/run/11-openroad-checkmacroinstances/openroad-checkmacroinstances.log'[/repr.filename]…
Running 'OpenROAD.STAPrePNR' at 'runs/run/12-openroad-staprepnr'…
No libs found for macro r2r_dac_analog at corner nom_tt_025C_3v30. The module will be black-boxed.
Starting STA for the nom_tt_025C_3v30 timing corner…
No libs found for macro r2r_dac_analog at corner nom_ss_125C_3v00. The module will be black-boxed.
Logging subprocess to [repr.filename]'runs/run/12-openroad-staprepnr/nom_tt_025C_3v30/sta.log'[/repr.filename]…
No libs found for macro r2r_dac_analog at corner nom_ff_n40C_3v60. The module will be black-boxed.
Starting STA for the nom_ss_125C_3v00 timing corner…
Starting STA for the nom_ff_n40C_3v60 timing corner…
No libs found for macro r2r_dac_analog at corner min_tt_025C_3v30. The module will be black-boxed.
Logging subprocess to [repr.filename]'runs/run/12-openroad-staprepnr/nom_ss_125C_3v00/sta.log'[/repr.filename]…
Skipping corner min_tt_025C_3v30 for STA (identical to nom_tt_025C_3v30 at this stage)…
Logging subprocess to [repr.filename]'runs/run/12-openroad-staprepnr/nom_ff_n40C_3v60/sta.log'[/repr.filename]…
No libs found for macro r2r_dac_analog at corner min_ss_125C_3v00. The module will be black-boxed.
Skipping corner min_ss_125C_3v00 for STA (identical to nom_ss_125C_3v00 at this stage)…
No libs found for macro r2r_dac_analog at corner min_ff_n40C_3v60. The module will be black-boxed.
Skipping corner min_ff_n40C_3v60 for STA (identical to nom_ff_n40C_3v60 at this stage)…
No libs found for macro r2r_dac_analog at corner max_tt_025C_3v30. The module will be black-boxed.
Skipping corner max_tt_025C_3v30 for STA (identical to nom_tt_025C_3v30 at this stage)…
No libs found for macro r2r_dac_analog at corner max_ss_125C_3v00. The module will be black-boxed.
Skipping corner max_ss_125C_3v00 for STA (identical to nom_ss_125C_3v00 at this stage)…
No libs found for macro r2r_dac_analog at corner max_ff_n40C_3v60. The module will be black-boxed.
Skipping corner max_ff_n40C_3v60 for STA (identical to nom_ff_n40C_3v60 at this stage)…
Finished STA for the nom_ff_n40C_3v60 timing corner.
Finished STA for the nom_ss_125C_3v00 timing corner.
Finished STA for the nom_tt_025C_3v30 timing corner.
Running 'OpenROAD.Floorplan' at 'runs/run/13-openroad-floorplan'…
No libs found for macro r2r_dac_analog at corner nom_tt_025C_3v30. The module will be black-boxed.
OpenROAD will use None threads
Logging subprocess to [repr.filename]'runs/run/13-openroad-floorplan/openroad-floorplan.log'[/repr.filename]…
[ORD-0032] Invalid thread number specification: None.
[ORD-2011] LEF master r2r_dac_analog has no liberty cell.
Running 'OpenROAD.DumpRCValues' at 'runs/run/14-openroad-dumprcvalues'…
No libs found for macro r2r_dac_analog at corner nom_tt_025C_3v30. The module will be black-boxed.
OpenROAD will use None threads
Logging subprocess to [repr.filename]'runs/run/14-openroad-dumprcvalues/openroad-dumprcvalues.log'[/repr.filename]…
[ORD-0032] Invalid thread number specification: None.
Running 'Odb.CheckMacroAntennaProperties' at 'runs/run/15-odb-checkmacroantennaproperties'…
Logging subprocess to [repr.filename]'runs/run/15-odb-checkmacroantennaproperties/odb-checkmacroantennaproperties.log'[/repr.filename]…
Cell 'r2r_dac_analog' has (1) inout pin(s) without antenna gate information not antenna diffusion information. They might be disconnected.
Running 'Odb.SetPowerConnections' at 'runs/run/16-odb-setpowerconnections'…
Logging subprocess to [repr.filename]'runs/run/16-odb-setpowerconnections/odb-setpowerconnections.log'[/repr.filename]…
Running 'Odb.ManualMacroPlacement' at 'runs/run/17-odb-manualmacroplacement'…
Logging subprocess to [repr.filename]'runs/run/17-odb-manualmacroplacement/odb-manualmacroplacement.log'[/repr.filename]…
Running 'OpenROAD.CutRows' at 'runs/run/18-openroad-cutrows'…
No libs found for macro r2r_dac_analog at corner nom_tt_025C_3v30. The module will be black-boxed.
OpenROAD will use None threads
Logging subprocess to [repr.filename]'runs/run/18-openroad-cutrows/openroad-cutrows.log'[/repr.filename]…
[ORD-0032] Invalid thread number specification: None.
Running 'OpenROAD.TapEndcapInsertion' at 'runs/run/19-openroad-tapendcapinsertion'…
No libs found for macro r2r_dac_analog at corner nom_tt_025C_3v30. The module will be black-boxed.
OpenROAD will use None threads
Logging subprocess to [repr.filename]'runs/run/19-openroad-tapendcapinsertion/openroad-tapendcapinsertion.log'[/repr.filename]…
[ORD-0032] Invalid thread number specification: None.
Running 'Odb.AddPDNObstructions' at 'runs/run/20-odb-addpdnobstructions'…
'PDN_OBSTRUCTIONS' is not defined. Skipping 'Odb.AddPDNObstructions'…
Running 'OpenROAD.GeneratePDN' at 'runs/run/21-openroad-generatepdn'…
No libs found for macro r2r_dac_analog at corner nom_tt_025C_3v30. The module will be black-boxed.
OpenROAD will use None threads
Logging subprocess to [repr.filename]'runs/run/21-openroad-generatepdn/openroad-generatepdn.log'[/repr.filename]…
[ORD-0032] Invalid thread number specification: None.
[PDN-0178] Remaining channel (3.3600, 78.1000) - (59.3600, 106.1400) on Metal1 for nets: VPWR, VGND
[PDN-0178] Remaining channel (3.3600, 113.3800) - (59.3600, 141.4200) on Metal1 for nets: VPWR, VGND
[PDN-0179] Unable to repair all channels.
