2 Lint warnings found.
'PNR_SDC_FILE' is not defined. Using generic fallback SDC for OpenROAD PnR steps.
'SIGNOFF_SDC_FILE' is not defined. Using generic fallback SDC for OpenROAD PnR steps.
No libs found for macro r2r_dac_analog at corner nom_tt_025C_3v30. The module will be black-boxed.
No libs found for macro r2r_dac_analog at corner nom_tt_025C_3v30. The module will be black-boxed.
No libs found for macro r2r_dac_analog at corner nom_tt_025C_3v30. The module will be black-boxed.
No libs found for macro r2r_dac_analog at corner nom_ss_125C_3v00. The module will be black-boxed.
No libs found for macro r2r_dac_analog at corner nom_ff_n40C_3v60. The module will be black-boxed.
No libs found for macro r2r_dac_analog at corner min_tt_025C_3v30. The module will be black-boxed.
No libs found for macro r2r_dac_analog at corner min_ss_125C_3v00. The module will be black-boxed.
No libs found for macro r2r_dac_analog at corner min_ff_n40C_3v60. The module will be black-boxed.
No libs found for macro r2r_dac_analog at corner max_tt_025C_3v30. The module will be black-boxed.
No libs found for macro r2r_dac_analog at corner max_ss_125C_3v00. The module will be black-boxed.
No libs found for macro r2r_dac_analog at corner max_ff_n40C_3v60. The module will be black-boxed.
No libs found for macro r2r_dac_analog at corner nom_tt_025C_3v30. The module will be black-boxed.
[ORD-0032] Invalid thread number specification: None.
[ORD-2011] LEF master r2r_dac_analog has no liberty cell.
No libs found for macro r2r_dac_analog at corner nom_tt_025C_3v30. The module will be black-boxed.
[ORD-0032] Invalid thread number specification: None.
Cell 'r2r_dac_analog' has (1) inout pin(s) without antenna gate information not antenna diffusion information. They might be disconnected.
No libs found for macro r2r_dac_analog at corner nom_tt_025C_3v30. The module will be black-boxed.
[ORD-0032] Invalid thread number specification: None.
No libs found for macro r2r_dac_analog at corner nom_tt_025C_3v30. The module will be black-boxed.
[ORD-0032] Invalid thread number specification: None.
No libs found for macro r2r_dac_analog at corner nom_tt_025C_3v30. The module will be black-boxed.
[ORD-0032] Invalid thread number specification: None.
[PDN-0178] Remaining channel (3.3600, 78.1000) - (59.3600, 106.1400) on Metal1 for nets: VPWR, VGND
[PDN-0178] Remaining channel (3.3600, 113.3800) - (59.3600, 141.4200) on Metal1 for nets: VPWR, VGND
