     -.--ns INFO     gpi                                ../gpi/GpiCommon.cpp:242  in gpi_load_users                  Loaded entry library: '/home/ihsan/.cc/toolchains/iic-osic-tools-2026.09/usr/lib/x86_64-linux-gnu/libpython3.12.so.1.0'
     -.--ns INFO     gpi                                ../gpi/GpiCommon.cpp:233  in gpi_load_users                  Running entry func 'initialize' from loaded library '/home/ihsan/.cc/toolchains/iic-osic-tools-2026.09/usr/local/lib/python3.12/dist-packages/cocotb/simulator.cpython-312-x86_64-linux-gnu.so'
     -.--ns INFO     pygpi                              ..ib/pygpi/embed.cpp:114  in initialize                      Using Python 3.12.12 interpreter at /home/ihsan/.cc/toolchains/iic-osic-tools-2026.09/usr/bin/python3.12
     -.--ns INFO     gpi                                ../gpi/GpiCommon.cpp:74   in gpi_print_registered_impl       GPI: VPI support registered
     0.00ns INFO     cocotb.initialize                  Seeding Python random module with 1790341285
     0.00ns INFO     cocotb.initialize                  Initialized cocotb v2.1.0 from /home/ihsan/.cc/toolchains/iic-osic-tools-2026.09/usr/local/lib/python3.12/dist-packages/cocotb
     0.00ns INFO     cocotb.initialize                  Running on Verilator version 5.052 2026-09-05
     0.00ns INFO     cocotb.regression                  Running tests
     0.00ns INFO     cocotb.regression                  running test_r2r_dac_digital.test_reset_clears (1/8)
   170.00ns INFO     cocotb.regression                  test_r2r_dac_digital.test_reset_clears passed
   170.00ns INFO     cocotb.regression                  running test_r2r_dac_digital.test_register_capture (2/8)
   380.00ns INFO     cocotb.regression                  test_r2r_dac_digital.test_register_capture passed
   380.00ns INFO     cocotb.regression                  running test_r2r_dac_digital.test_registered_output (3/8)
   470.00ns INFO     cocotb.regression                  test_r2r_dac_digital.test_registered_output passed
   470.00ns INFO     cocotb.regression                  running test_r2r_dac_digital.test_hold_keeps_captured_code (4/8)
   840.00ns INFO     cocotb.regression                  test_r2r_dac_digital.test_hold_keeps_captured_code passed
   840.00ns INFO     cocotb.regression                  running test_r2r_dac_digital.test_ramp_all_codes_and_wrap (5/8)
  6890.00ns INFO     cocotb.regression                  test_r2r_dac_digital.test_ramp_all_codes_and_wrap passed
  6890.00ns INFO     cocotb.regression                  running test_r2r_dac_digital.test_slow_prescale (6/8)
 22440.01ns INFO     cocotb.regression                  test_r2r_dac_digital.test_slow_prescale passed
 22440.01ns INFO     cocotb.regression                  running test_r2r_dac_digital.test_sine_table_all_entries (7/8)
 27770.01ns INFO     cocotb.regression                  test_r2r_dac_digital.test_sine_table_all_entries passed
 27770.01ns INFO     cocotb.regression                  running test_r2r_dac_digital.test_random_mode_switching_against_model (8/8)
 87820.01ns INFO     cocotb.regression                  test_r2r_dac_digital.test_random_mode_switching_against_model passed
 87820.01ns INFO     cocotb.regression                  ***********************************************************************************************************************
                                                        ** TEST                                                           STATUS  SIM TIME (ns)  REAL TIME (s)  RATIO (ns/s) **
                                                        ***********************************************************************************************************************
                                                        ** test_r2r_dac_digital.test_reset_clears                          PASS         170.00           0.00     236948.33  **
                                                        ** test_r2r_dac_digital.test_register_capture                      PASS         210.00           0.00     224320.33  **
                                                        ** test_r2r_dac_digital.test_registered_output                     PASS          90.00           0.00     339740.95  **
                                                        ** test_r2r_dac_digital.test_hold_keeps_captured_code              PASS         370.00           0.00     854251.21  **
                                                        ** test_r2r_dac_digital.test_ramp_all_codes_and_wrap               PASS        6050.00           0.01     918668.72  **
                                                        ** test_r2r_dac_digital.test_slow_prescale                         PASS       15550.00           0.02    1004219.33  **
                                                        ** test_r2r_dac_digital.test_sine_table_all_entries                PASS        5330.00           0.01    1050633.60  **
                                                        ** test_r2r_dac_digital.test_random_mode_switching_against_model   PASS       60050.00           0.18     327927.63  **
                                                        ***********************************************************************************************************************
                                                        ** TESTS=8 PASS=8 FAIL=0 SKIP=0                                               87820.01           0.22     406437.30  **
                                                        ***********************************************************************************************************************
- :0: Verilog $finish
