
 /----------------------------------------------------------------------------\
 |  yosys -- Yosys Open SYnthesis Suite                                       |
 |  Copyright (C) 2012 - 2026  Claire Xenia Wolf <claire@yosyshq.com>         |
 |  Distributed under an ISC-like license, type "license" to see terms        |
 \----------------------------------------------------------------------------/
 Yosys 0.69 (git sha1 9f75ca1f9, Release, GNU /usr/bin/c++ 13.3.0)

-- Executing script file `design_smt2.ys' --

1. Executing RTLIL frontend.
Input filename: design_prep.il

2. Executing HIERARCHY pass (managing design hierarchy).
Attribute `top' found on module `r2r_dac_digital_formal'. Setting top module to r2r_dac_digital_formal.

2.1. Analyzing design hierarchy..
Top module:  \r2r_dac_digital_formal
Used module:     \r2r_dac_digital

2.2. Analyzing design hierarchy..
Top module:  \r2r_dac_digital_formal
Used module:     \r2r_dac_digital
Removed 0 unused modules.
Module r2r_dac_digital_formal directly or indirectly contains formal properties -> setting "keep" attribute.

3. Executing FORMALFF pass.

4. Executing DFFUNMAP pass (unmap clock enable and synchronous reset from FFs).

5. Printing statistics.

=== r2r_dac_digital ===

        +----------Local Count, excluding submodules.
        | 
       29 wires
      142 wire bits
       14 public wires
       64 public wire bits
        8 ports
       30 port bits
       22 cells
        2   $add
        4   $anyinit
        1   $assume
        3   $eq
        1   $logic_not
        1   $mem_v2
        6   $mux
        2   $not
        1   $or
        1   $pmux

=== r2r_dac_digital_formal ===

        +----------Local Count, excluding submodules.
        | 
       28 wires
       53 wire bits
       17 public wires
       42 public wire bits
        8 ports
       30 port bits
       20 cells
        4   $anyinit
        1   $assume
        2   $cover
        3   $eq
        4   $ff
        4   $logic_and
        1   $not
        1   $reduce_bool
        1 submodules
        1   r2r_dac_digital

=== design hierarchy ===

        +----------Count including submodules.
        | 
       42 r2r_dac_digital_formal
       22 r2r_dac_digital

        +----------Count including submodules.
        | 
       57 wires
      195 wire bits
       31 public wires
      106 public wire bits
       16 ports
       60 port bits
        - memories
        - memory bits
        - processes
       42 cells
        2   $add
        8   $anyinit
        2   $assume
        2   $cover
        6   $eq
        4   $ff
        4   $logic_and
        1   $logic_not
        1   $mem_v2
        6   $mux
        3   $not
        1   $or
        1   $pmux
        1   $reduce_bool
        1 submodules
        1   r2r_dac_digital

6. Executing SMT2 backend.

6.1. Executing BMUXMAP pass.

6.2. Executing DEMUXMAP pass.
Creating SMT-LIBv2 representation of module r2r_dac_digital.
Creating SMT-LIBv2 representation of module r2r_dac_digital_formal.

End of script. Logfile hash: d62b3da4f5, time: 0.05s, user: 0.02s, system: 0.01s, MEM: 28.30 MB peak
Yosys 0.69 (git sha1 9f75ca1f9, Release, GNU /usr/bin/c++ 13.3.0)
Time spent: 59% 2x write_smt2 (0 sec), 19% 2x read_rtlil (0 sec), ...
