
 /----------------------------------------------------------------------------\
 |  yosys -- Yosys Open SYnthesis Suite                                       |
 |  Copyright (C) 2012 - 2026  Claire Xenia Wolf <claire@yosyshq.com>         |
 |  Distributed under an ISC-like license, type "license" to see terms        |
 \----------------------------------------------------------------------------/
 Yosys 0.69 (git sha1 9f75ca1f9, Release, GNU /usr/bin/c++ 13.3.0)

-- Executing script file `design_prep.ys' --

1. Executing RTLIL frontend.
Input filename: design.il

2. Executing SCC pass (detecting logic loops).
Found 0 SCCs in module r2r_dac_digital.
Found 0 SCCs in module r2r_dac_digital_formal.
Found 0 SCCs.

3. Executing SIMPLEMAP pass (map simple cells to gate primitives).

4. Executing MEMORY_NORDFF pass (extracting $dff cells from memories).

5. Executing ASYNC2SYNC pass.

6. Executing OPT_CLEAN pass (remove unused cells and wires).
Finding unused cells or wires in module \r2r_dac_digital..
Finding unused cells or wires in module \r2r_dac_digital_formal..
Removed 12 unused cells and 12 unused wires.
<suppressed ~13 debug messages>

7. Executing FORMALFF pass.

8. Executing OPT_CLEAN pass (remove unused cells and wires).
Finding unused cells or wires in module \r2r_dac_digital..
Finding unused cells or wires in module \r2r_dac_digital_formal..
Removed 27 unused cells and 27 unused wires.
<suppressed ~31 debug messages>

9. Executing CHECK pass (checking for obvious problems).
Checking module r2r_dac_digital...
Checking module r2r_dac_digital_formal...
Found and reported 0 problems.

10. Executing SETUNDEF pass (replace undef values with defined constants).

11. Executing OPT pass (performing simple optimizations).

11.1. Executing OPT_EXPR pass (perform const folding).
Optimizing module r2r_dac_digital.
Optimizing module r2r_dac_digital_formal.

11.2. Executing OPT_MERGE pass (detect identical cells).
Finding identical cells in module `\r2r_dac_digital'.
Computing hashes of 20 cells of `\r2r_dac_digital'.
Finding duplicate cells in `\r2r_dac_digital'.
Finding identical cells in module `\r2r_dac_digital_formal'.
Computing hashes of 21 cells of `\r2r_dac_digital_formal'.
Finding duplicate cells in `\r2r_dac_digital_formal'.
Computing hashes of 19 cells of `\r2r_dac_digital_formal'.
Finding duplicate cells in `\r2r_dac_digital_formal'.
<suppressed ~6 debug messages>
Removed a total of 2 cells.

11.3. Executing OPT_DFF pass (perform DFF optimizations).

11.4. Executing OPT_CLEAN pass (remove unused cells and wires).
Finding unused cells or wires in module \r2r_dac_digital..
Finding unused cells or wires in module \r2r_dac_digital_formal..
Removed 0 unused cells and 2 unused wires.
<suppressed ~1 debug messages>

11.5. Finished fast OPT passes.

12. Executing OPT_CLEAN pass (remove unused cells and wires).
Finding unused cells or wires in module \r2r_dac_digital..
Finding unused cells or wires in module \r2r_dac_digital_formal..
Removed 0 unused cells and 4 unused wires.
<suppressed ~1 debug messages>

13. Executing RTLIL backend.
Output filename: ../model/design_prep.il

End of script. Logfile hash: 93502deb54, time: 0.10s, user: 0.02s, system: 0.01s, MEM: 29.06 MB peak
Yosys 0.69 (git sha1 9f75ca1f9, Release, GNU /usr/bin/c++ 13.3.0)
Time spent: 43% 4x opt_clean (0 sec), 8% 2x read_rtlil (0 sec), ...
