[WARNING ORD-0032] Invalid thread number specification: None.
Reading timing models for corner nom_tt_025C_3v30…
Reading timing library for the 'nom_tt_025C_3v30' corner at '/home/ihsan/.cc/toolchains/iic-osic-tools-2026.09/foss/pdks/gf180mcuD/libs.ref/gf180mcu_fd_sc_mcu7t5v0/lib/gf180mcu_fd_sc_mcu7t5v0__tt_025C_3v30.lib'…
Reading timing library for the 'nom_tt_025C_3v30' corner at '/home/ihsan/.cc/toolchains/iic-osic-tools-2026.09/foss/pdks/gf180mcuD/libs.ref/gf180mcu_fd_io/lib/gf180mcu_fd_io__tt_025C_3v30.lib.gz'…
Reading OpenROAD database at '/home/ihsan/.cc/worktrees/ece298a/r2r-dac/blocks/r2r_dac/top/harden/runs/run/19-openroad-tapendcapinsertion/tt_um_r2r_dac_digital.odb'…
Reading design constraints file at '/home/ihsan/.cc/toolchains/iic-osic-tools-2026.09/usr/local/lib/python3.12/dist-packages/librelane/scripts/base.sdc'…
[INFO] Using clock clk…
[INFO] Setting output delay to: 4.0
[INFO] Setting input delay to: 4.0
[INFO] Setting load to: 0.07291
[INFO] Setting clock uncertainty to: 0.25
[INFO] Setting clock transition to: 0.15
[INFO] Setting timing derate to: 5.0%
[INFO] Setting global connections...
u_analog matched with u_analog
[INFO ODB-0403] 0 connections made, 0 conflicts skipped.
+ pdngen 
[INFO PDN-0001] Inserting grid: stdcell_grid
[WARNING PDN-0178] Remaining channel (3.3600, 78.1000) - (59.3600, 106.1400) on Metal1 for nets: VPWR, VGND
[WARNING PDN-0178] Remaining channel (3.3600, 113.3800) - (59.3600, 141.4200) on Metal1 for nets: VPWR, VGND
[ERROR PDN-0179] Unable to repair all channels.
PDN-0179
